Microchip MPLAB XC8 Compiler V1.44 ()

Linker command line:

--edf=/opt/microchip/xc8/v1.44/dat/en_msgs.txt -cs \
  -h+dist/XC8_PIC16F690/debug/nikobus.X.debug.sym \
  --cmf=dist/XC8_PIC16F690/debug/nikobus.X.debug.cmf -z -Q16F690 \
  -o/tmp/xcXAVfH1S -Mdist/XC8_PIC16F690/debug/nikobus.X.debug.map -E1 \
  -ver=XC8 --acfsm=1493 -ASTACK=0A0h-0efh -pstack=STACK \
  -ACODE=00h-07FFh,0800h-0EFFh -ASTRCODE=00h-0EFFh -ASTRING=00h-0FFhx15 \
  -ACONST=00h-0FFhx15 -AENTRY=00h-0FFhx15 -ACOMMON=071h-07Fh \
  -ABANK0=020h-06Fh -ABANK1=0A0h-0EFh -ABANK2=0120h-0164h \
  -ARAM=020h-06Fh,0A0h-0EFh,0120h-0164h \
  -AABS1=020h-07Fh,0A0h-0EFh,0120h-016Fh -ASFR0=00h-01Fh -ASFR1=080h-09Fh \
  -ASFR2=0100h-011Fh -ASFR3=0180h-01F0h \
  -preset_vec=00h,intentry=04h,init,end_init -ppowerup=CODE -pcinit=CODE \
  -pfunctab=ENTRY -ACONFIG=02007h-02007h -pconfig=CONFIG -DCONFIG=2 \
  -AIDLOC=02000h-02003h -pidloc=IDLOC -DIDLOC=2 -AEEDATA=00h-0FFh/02100h \
  -peeprom_data=EEDATA -DEEDATA=2 -DCODE=2 -DSTRCODE=2 -DSTRING=2 -DCONST=2 \
  -DENTRY=2 -k /tmp/xcXBUzA46.obj \
  dist/XC8_PIC16F690/debug/nikobus.X.debug.obj 

Object code version is 3.11

Machine type is 16F690



                Name                               Link     Load   Length Selector   Space Scale
/tmp/xcXBUzA46.obj
                end_init                             11       11        2        8       0
                reset_vec                             0        0        3        0       0
                config                             2007     2007        1     400E       0
dist/XC8_PIC16F690/debug/nikobus.X.debug.obj
                cinit                                13       13        D        8       0
                intentry                              4        4        D        8       0
                text5                               161      161        B      284       0
                text4                               142      142       1F      284       0
                text3                                20       20       91        8       0
                text2                               173      173        5      284       0
                text1                                B1       B1       4E        8       0
                maintext                            16C      16C        7      284       0
                cstackCOMMON                         71       71        9       71       1
                bssBANK0                             20       20        6       20       1
                bssCOMMON                            7A       7A        2       71       1
                bssEEDATA                             0     2100        4     4200       3
                strings                             100      100       42      200       0

TOTAL           Name                               Link     Load   Length     Space
        CLASS   STACK          

        CLASS   CODE           
                end_init                             11       11        2         0
                cinit                                13       13        D         0
                intentry                              4        4        D         0
                reset_vec                             0        0        3         0
                text5                               161      161        B         0
                text4                               142      142       1F         0
                text3                                20       20       91         0
                text2                               173      173        5         0
                text1                                B1       B1       4E         0
                maintext                            16C      16C        7         0

        CLASS   STRCODE        

        CLASS   STRING         
                strings                             100      100       42         0

        CLASS   CONST          

        CLASS   ENTRY          

        CLASS   COMMON         
                cstackCOMMON                         71       71        9         1
                bssCOMMON                            7A       7A        2         1

        CLASS   BANK0          
                bssBANK0                             20       20        6         1

        CLASS   BANK1          

        CLASS   BANK2          

        CLASS   RAM            

        CLASS   ABS1           
                abs_s1                               7E       7E        2         1

        CLASS   SFR0           

        CLASS   SFR1           

        CLASS   SFR2           

        CLASS   SFR3           

        CLASS   CONFIG         
                config                             2007     2007        1         0

        CLASS   IDLOC          

        CLASS   EEDATA         
                bssEEDATA                             0     2100        4         3

        CLASS   BANK3          



SEGMENTS        Name                           Load    Length   Top    Selector   Space  Class     Delta

                reset_vec                      000000  000003  000003         0       0  CODE        2
                intentry                       000004  0000FB  0000FF         8       0  CODE        2
                bssBANK0                       000020  000006  000026        20       1  BANK0       1
                cstackCOMMON                   000071  00000B  00007C        71       1  COMMON      1
                strings                        000100  000042  000142       200       0  STRING      2
                text4                          000142  000036  000178       284       0  CODE        2
                config                         002007  000001  002008      400E       0  CONFIG      2
                bssEEDATA                      002100  000004  002104      4200       3  EEDATA      2


UNUSED ADDRESS RANGES

        Name                Unused          Largest block    Delta
        BANK0            0026-006F             4A           1
        BANK1            00A0-00EF             50           1
        BANK2            0120-0164             45           1
        CODE             0003-0003              1           2
                         00FF-00FF              1
                         0178-0EFF            688
        COMMON           007C-007D              2           1
        CONST            0003-0003              1           2
                         00FF-00FF              1
                         0178-0EFF            100
        EEDATA           2104-21FF             FC           2
        ENTRY            0003-0003              1           2
                         00FF-00FF              1
                         0178-0EFF            100
        IDLOC            2000-2003              4           2
        RAM              0026-006F             4A           1
                         00A0-00EF             50
                         0120-0164             45
        SFR0             0000-001F             20           1
        SFR1             0080-009F             20           1
        SFR2             0100-011F             20           1
        SFR3             0180-01F0             71           1
        STACK            00A0-00EF             50           1
        STRCODE          0003-0003              1           2
                         00FF-00FF              1
                         0178-0EFF            D88
        STRING           0003-0003              1           2
                         00FF-00FF              1
                         0178-0EFF            100

                                  Symbol Table

_ADCON0bits                   (abs)        001F
_ANSEL                        (abs)        011E
_ANSELH                       (abs)        011F
_BRG16                        (abs)        04DB
_BRGH                         (abs)        04C2
_CM1CON0                      (abs)        0119
_CM2CON0                      (abs)        011A
_ConfigureOscillator          text2        0173
_INTCONbits                   (abs)        000B
_IOCAbits                     (abs)        0096
_InitApp                      text1        00B1
_OPTION_REGbits               (abs)        0081
_OSCCONbits                   (abs)        008F
_PIE1bits                     (abs)        008C
_PORTA                        (abs)        0005
_PORTAbits                    (abs)        0005
_PORTB                        (abs)        0006
_PORTBbits                    (abs)        0006
_PORTC                        (abs)        0007
_PR2                          (abs)        0092
_SPBRG                        (abs)        0099
_SPBRGH                       (abs)        009A
_SPEN                         (abs)        00C7
_SYNC                         (abs)        04C4
_T1CONbits                    (abs)        0010
_T2CON                        (abs)        0012
_TMR0                         (abs)        0001
_TMR1H                        (abs)        000F
_TMR1L                        (abs)        000E
_TRISA                        (abs)        0085
_TRISB                        (abs)        0086
_TRISC                        (abs)        0087
_TRMT                         (abs)        04C1
_TXEN                         (abs)        04C5
_TXREG                        (abs)        0019
_WPUAbits                     (abs)        0095
__CFG_BOREN$OFF               (abs)        0000
__CFG_CP$OFF                  (abs)        0000
__CFG_CPD$OFF                 (abs)        0000
__CFG_FCMEN$OFF               (abs)        0000
__CFG_FOSC$INTRCIO            (abs)        0000
__CFG_IESO$OFF                (abs)        0000
__CFG_MCLRE$OFF               (abs)        0000
__CFG_PWRTE$OFF               (abs)        0000
__CFG_WDTE$OFF                (abs)        0000
__Habs1                       abs1         0000
__Hbank0                      bank0        0000
__Hbank1                      bank1        0000
__Hbank2                      bank2        0000
__Hbank3                      bank3        0000
__HbssBANK0                   bssBANK0     0000
__HbssCOMMON                  bssCOMMON    0000
__HbssEEDATA                  bssEEDATA    0000
__Hcinit                      cinit        0020
__Hclrtext                    clrtext      0000
__Hcode                       code         0000
__Hcommon                     common       0000
__Hconfig                     config       2008
__HcstackBANK0                cstackBANK0  0000
__HcstackCOMMON               cstackCOMMON 0000
__Heeprom_data                eeprom_data  0000
__Hend_init                   end_init     0013
__Hfunctab                    functab      0000
__Hidloc                      idloc        0000
__Hinit                       init         0011
__Hintentry                   intentry     0011
__Hmaintext                   maintext     0000
__Hpowerup                    powerup      0000
__Hram                        ram          0000
__Hreset_vec                  reset_vec    0003
__Hsfr0                       sfr0         0000
__Hsfr1                       sfr1         0000
__Hsfr2                       sfr2         0000
__Hsfr3                       sfr3         0000
__Hspace_0                    (abs)        2008
__Hspace_1                    (abs)        007C
__Hspace_2                    (abs)        0000
__Hspace_3                    (abs)        0004
__Hstack                      stack        0000
__Hstrings                    strings      0000
__Htext                       text         0000
__Labs1                       abs1         0000
__Lbank0                      bank0        0000
__Lbank1                      bank1        0000
__Lbank2                      bank2        0000
__Lbank3                      bank3        0000
__LbssBANK0                   bssBANK0     0000
__LbssCOMMON                  bssCOMMON    0000
__LbssEEDATA                  bssEEDATA    0000
__Lcinit                      cinit        0013
__Lclrtext                    clrtext      0000
__Lcode                       code         0000
__Lcommon                     common       0000
__Lconfig                     config       2007
__LcstackBANK0                cstackBANK0  0000
__LcstackCOMMON               cstackCOMMON 0000
__Leeprom_data                eeprom_data  0000
__Lend_init                   end_init     0011
__Lfunctab                    functab      0000
__Lidloc                      idloc        0000
__Linit                       init         0011
__Lintentry                   intentry     0004
__Lmaintext                   maintext     0000
__Lpowerup                    powerup      0000
__Lram                        ram          0000
__Lreset_vec                  reset_vec    0000
__Lsfr0                       sfr0         0000
__Lsfr1                       sfr1         0000
__Lsfr2                       sfr2         0000
__Lsfr3                       sfr3         0000
__Lspace_0                    (abs)        0000
__Lspace_1                    (abs)        0000
__Lspace_2                    (abs)        0000
__Lspace_3                    (abs)        0000
__Lstack                      stack        0000
__Lstrings                    strings      0000
__Ltext                       text         0000
__S0                          (abs)        2008
__S1                          (abs)        007C
__S2                          (abs)        0000
__S3                          (abs)        2104
___int_sp                     stack        0000
___latbits                    (abs)        0001
___sp                         stack        0000
__end_of_ConfigureOscillator  text2        0178
__end_of_InitApp              text1        00FF
__end_of__initialization      cinit        001D
__end_of__stringtab           strings      0110
__end_of_hexpowers            strings      0118
__end_of_isr                  text3        00B1
__end_of_main                 maintext     0173
__end_of_resetBuffer          text5        016C
__end_of_sendSerial           text4        0161
__initialization              cinit        0013
__pbssBANK0                   bssBANK0     0020
__pbssCOMMON                  bssCOMMON    007A
__pbssEEDATA                  bssEEDATA    0000
__pcstackBANK0                cstackBANK0  0000
__pcstackCOMMON               cstackCOMMON 0071
__pintentry                   intentry     0004
__pmaintext                   maintext     016C
__pstrings                    strings      0100
__ptext1                      text1        00B1
__ptext2                      text2        0173
__ptext3                      text3        0020
__ptext4                      text4        0142
__ptext5                      text5        0161
__size_of_ConfigureOscillator (abs)        0000
__size_of_InitApp             (abs)        0000
__size_of_isr                 (abs)        0000
__size_of_main                (abs)        0000
__size_of_resetBuffer         (abs)        0000
__size_of_sendSerial          (abs)        0000
__stringbase                  strings      010F
__stringtab                   strings      0100
_bitsReceived                 bssCOMMON    007B
_busBuffer                    bssBANK0     0020
_busMessage                   bssBANK0     0023
_config                       bssEEDATA    0000
_dataBlock                    bssCOMMON    007A
_hexpowers                    strings      0110
_isr                          text3        0020
_main                         maintext     016C
_resetBuffer                  text5        0161
_sendSerial                   text4        0142
btemp                         (abs)        007E
end_of_initialization         cinit        001D
interrupt_function            intentry     0004
intlevel0                     functab      0000
intlevel1                     functab      0000
intlevel2                     functab      0000
intlevel3                     functab      0000
intlevel4                     functab      0000
intlevel5                     functab      0000
isr@timer                     cstackCOMMON 0079
reset_vec                     reset_vec    0000
saved_w                       (abs)        007E
sendSerial@text               cstackCOMMON 0071
stackhi                       (abs)        0000
stacklo                       (abs)        0000
start                         init         0011
start_initialization          cinit        0013
wtemp0                        (abs)        007E


FUNCTION INFORMATION:

 *************** function _main *****************
 Defined at:
		line 117 in file "main.c"
 Parameters:    Size  Location     Type
		None
 Auto vars:     Size  Location     Type
		None
 Return value:  Size  Location     Type
                  1    wreg      void 
 Registers used:
		wreg, status,2, status,0, pclath, cstack
 Tracked objects:
		On entry : 
		On exit  : 
		Unchanged: 
 Data sizes:     COMMON   BANK0   BANK1   BANK2
      Params:         0       0       0       0
      Locals:         0       0       0       0
      Temps:          0       0       0       0
      Totals:         0       0       0       0
Total ram usage:        0 bytes
 Hardware stack levels required when called:    4
 This function calls:
		_ConfigureOscillator
		_InitApp
 This function is called by:
		Startup code after reset
 This function uses a non-reentrant model


 *************** function _InitApp *****************
 Defined at:
		line 21 in file "user.c"
 Parameters:    Size  Location     Type
		None
 Auto vars:     Size  Location     Type
		None
 Return value:  Size  Location     Type
                  1    wreg      void 
 Registers used:
		wreg, status,2, status,0
 Tracked objects:
		On entry : 
		On exit  : 
		Unchanged: 
 Data sizes:     COMMON   BANK0   BANK1   BANK2
      Params:         0       0       0       0
      Locals:         0       0       0       0
      Temps:          0       0       0       0
      Totals:         0       0       0       0
Total ram usage:        0 bytes
 Hardware stack levels used:    1
 Hardware stack levels required when called:    3
 This function calls:
		Nothing
 This function is called by:
		_main
 This function uses a non-reentrant model


 *************** function _ConfigureOscillator *****************
 Defined at:
		line 15 in file "system.c"
 Parameters:    Size  Location     Type
		None
 Auto vars:     Size  Location     Type
		None
 Return value:  Size  Location     Type
                  1    wreg      void 
 Registers used:
		wreg, status,2, status,0
 Tracked objects:
		On entry : 
		On exit  : 
		Unchanged: 
 Data sizes:     COMMON   BANK0   BANK1   BANK2
      Params:         0       0       0       0
      Locals:         0       0       0       0
      Temps:          0       0       0       0
      Totals:         0       0       0       0
Total ram usage:        0 bytes
 Hardware stack levels used:    1
 Hardware stack levels required when called:    3
 This function calls:
		Nothing
 This function is called by:
		_main
 This function uses a non-reentrant model


 *************** function _isr *****************
 Defined at:
		line 139 in file "main.c"
 Parameters:    Size  Location     Type
		None
 Auto vars:     Size  Location     Type
  timer           1    8[COMMON] unsigned char 
 Return value:  Size  Location     Type
                  1    wreg      void 
 Registers used:
		wreg, fsr0l, fsr0h, status,2, status,0, btemp+1, pclath, cstack
 Tracked objects:
		On entry : 
		On exit  : 
		Unchanged: 
 Data sizes:     COMMON   BANK0   BANK1   BANK2
      Params:         0       0       0       0
      Locals:         1       0       0       0
      Temps:          6       0       0       0
      Totals:         7       0       0       0
Total ram usage:        7 bytes
 Hardware stack levels used:    1
 Hardware stack levels required when called:    2
 This function calls:
		_resetBuffer
		_sendSerial
 This function is called by:
		Interrupt level 1
 This function uses a non-reentrant model


 *************** function _sendSerial *****************
 Defined at:
		line 97 in file "main.c"
 Parameters:    Size  Location     Type
  text            2    0[COMMON] PTR const unsigned char 
		 -> STR_5(2), STR_4(2), STR_3(2), STR_2(2), 
		 -> sendSeriotData@text(18), 
 Auto vars:     Size  Location     Type
		None
 Return value:  Size  Location     Type
                  1    wreg      void 
 Registers used:
		wreg, fsr0l, fsr0h, btemp+1, pclath
 Tracked objects:
		On entry : 
		On exit  : 
		Unchanged: 
 Data sizes:     COMMON   BANK0   BANK1   BANK2
      Params:         2       0       0       0
      Locals:         0       0       0       0
      Temps:          0       0       0       0
      Totals:         2       0       0       0
Total ram usage:        2 bytes
 Hardware stack levels used:    2
 This function calls:
		Nothing
 This function is called by:
		_isr
		_sendSeriotData
 This function uses a non-reentrant model


 *************** function _resetBuffer *****************
 Defined at:
		line 130 in file "main.c"
 Parameters:    Size  Location     Type
		None
 Auto vars:     Size  Location     Type
		None
 Return value:  Size  Location     Type
                  1    wreg      void 
 Registers used:
		wreg, status,2
 Tracked objects:
		On entry : 
		On exit  : 
		Unchanged: 
 Data sizes:     COMMON   BANK0   BANK1   BANK2
      Params:         0       0       0       0
      Locals:         0       0       0       0
      Temps:          1       0       0       0
      Totals:         1       0       0       0
Total ram usage:        1 bytes
 Hardware stack levels used:    1
 This function calls:
		Nothing
 This function is called by:
		_isr
 This function uses a non-reentrant model



MODULE INFORMATION

Module		Function		Class		Link	Load	Size
shared
		__stringtab    		STRING         	0100	0000	17
		__initialization		CODE           	0013	0000	11
		_hexpowers     		STRING         	0110	0000	9

shared estimated size: 37

user.c
		_InitApp       		CODE           	00B1	0000	79

user.c estimated size: 79

main.c
		_sendSerial    		CODE           	0142	0000	32
		_resetBuffer   		CODE           	0161	0000	12
		_main          		CODE           	016C	0000	8
		_isr           		CODE           	0020	0000	146

main.c estimated size: 198

system.c
		_ConfigureOscillator		CODE           	0173	0000	6

system.c estimated size: 6

