Microchip MPLAB XC8 Compiler V1.12 ()

Linker command line:

--edf=C:\Program Files (x86)\Microchip\xc8\v1.12\dat\en_msgs.txt -cs \
  -h+dist/XC8_PIC16F690__Simulate_/production\nikobus.X.production.sym -z \
  -Q16F690 -ol.obj \
  -Mdist/XC8_PIC16F690__Simulate_/production/nikobus.X.production.map -E1 \
  -ver=XC8 -ACONST=00h-0FFhx16 -ACODE=00h-07FFhx2 -ASTRCODE=00h-0FFFh \
  -AENTRY=00h-0FFhx16 -ASTRING=00h-0FFhx16 -ACOMMON=070h-07Fh \
  -ABANK0=020h-06Fh -ABANK1=0A0h-0EFh -ABANK2=0120h-016Fh \
  -ARAM=020h-06Fh,0A0h-0EFh,0120h-016Fh \
  -AABS1=020h-07Fh,0A0h-0EFh,0120h-016Fh -ASFR0=00h-01Fh -ASFR1=080h-09Fh \
  -ASFR2=0100h-011Fh -ASFR3=0180h-01EFh \
  -preset_vec=00h,intentry=04h,init,end_init -ppowerup=CODE -pfunctab=CODE \
  -ACONFIG=02007h-02007h -pconfig=CONFIG -DCONFIG=2 -AIDLOC=02000h-02003h \
  -pidloc=IDLOC -DIDLOC=2 -AEEDATA=00h-0FFh/02100h -peeprom_data=EEDATA \
  -DEEDATA=2 -DCODE=2 -DSTRCODE=2 -DSTRING=2 -DCONST=2 -DENTRY=2 -k \
  C:\Users\ron\AppData\Local\Temp\s7c0.obj \
  dist/XC8_PIC16F690__Simulate_/production\nikobus.X.production.obj 

Object code version is 3.10

Machine type is 16F690



                Name                               Link     Load   Length Selector   Space Scale
C:\Users\ron\AppData\Local\Temp\s7c0.obj
                end_init                              D        D        2        8       0
                reset_vec                             0        0        2        0       0
                config                             2007     2007        1     400E       0
dist/XC8_PIC16F690__Simulate_/production\nikobus.X.production.obj
                intentry                              4        4        9        8       0
                text772                             D5B      D5B      11C     1AB6       0
                text770                             E77      E77      189     1CEE       0
                text769                             9B7      9B7       61     136E       0
                swtext2                             800      800       F2     1000       0
                swtext1                             7F2      7F2        C      FE4       0
                text742                             A18      A18       45     136E       0
                text741                             A65      A65        4     136E       0
                text739                               F        F      73D        8       0
                maintext                            74C      74C       94        8       0
                cstackBANK0                          20       20       46       20       1
                cstackCOMMON                         70       70        B       70       1
                clrtext                             A5D      A5D        8     136E       0
                bssBANK1                             A0       A0       1B       A0       1
                bssBANK0                             66       66        9       20       1
                bssCOMMON                            7B       7B        3       70       1
                cinit                               7E0      7E0       12        8       0
                strings                             900      900       B7     1200       0

TOTAL           Name                               Link     Load   Length     Space
        CLASS   CONST          
                swtext2                             800      800       F2         0
                swtext1                             7F2      7F2        C         0

        CLASS   CODE           
                end_init                              D        D        2         0
                intentry                              4        4        9         0
                reset_vec                             0        0        2         0
                text772                             D5B      D5B      11C         0
                text770                             E77      E77      189         0
                text769                             9B7      9B7       61         0
                text742                             A18      A18       45         0
                text741                             A65      A65        4         0
                text739                               F        F      73D         0
                maintext                            74C      74C       94         0
                clrtext                             A5D      A5D        8         0
                cinit                               7E0      7E0       12         0

        CLASS   STRCODE        

        CLASS   ENTRY          

        CLASS   STRING         
                strings                             900      900       B7         0

        CLASS   COMMON         
                cstackCOMMON                         70       70        B         1
                bssCOMMON                            7B       7B        3         1

        CLASS   BANK0          
                cstackBANK0                          20       20       46         1
                bssBANK0                             66       66        9         1

        CLASS   BANK1          
                bssBANK1                             A0       A0       1B         1

        CLASS   BANK2          

        CLASS   RAM            

        CLASS   ABS1           
                abs_s1                               7E       7E        2         1

        CLASS   SFR0           

        CLASS   SFR1           

        CLASS   SFR2           

        CLASS   SFR3           

        CLASS   CONFIG         
                config                             2007     2007        1         0

        CLASS   IDLOC          

        CLASS   EEDATA         

        CLASS   BANK3          



SEGMENTS        Name                           Load    Length   Top    Selector   Space  Class     Delta

                reset_vec                      000000  000002  000002         0       0  CODE        2
                intentry                       000004  0007EE  0007F2         8       0  CODE        2
                cstackBANK0                    000020  00004F  00006F        20       1  BANK0       1
                cstackCOMMON                   000070  00000E  00007E        70       1  COMMON      1
                bssBANK1                       0000A0  00001B  0000BB        A0       1  BANK1       1
                swtext1                        0007F2  00000C  0007FE       FE4       0  CONST       2
                swtext2                        000800  0000F2  0008F2      1000       0  CONST       2
                strings                        000900  0000B7  0009B7      1200       0  STRING      2
                text769                        0009B7  0000B2  000A69      136E       0  CODE        2
                text772                        000D5B  00011C  000E77      1AB6       0  CODE        2
                text770                        000E77  000189  001000      1CEE       0  CODE        2
                config                         002007  000001  002008      400E       0  CONFIG      2


UNUSED ADDRESS RANGES

        Name                Unused          Largest block    Delta
        BANK0            006F-006F              1           1
        BANK1            00BB-00EF             35           1
        BANK2            0120-016F             50           1
        CODE             0002-0003              2           2
                         07FE-07FF              2
                         08F2-08FF              E
                         0A69-0D5A            2F2
        CONST            0002-0003              2           2
                         07FE-07FF              2
                         08F2-08FF              E
                         0A69-0D5A            100
        EEDATA           2100-21FF            100           2
        ENTRY            0002-0003              2           2
                         07FE-07FF              2
                         08F2-08FF              E
                         0A69-0D5A            100
        IDLOC            2000-2003              4           2
        RAM              006F-006F              1           1
                         00BB-00EF             35
                         0120-016F             50
        SFR0             0000-001F             20           1
        SFR1             0080-009F             20           1
        SFR2             0100-011F             20           1
        SFR3             0180-01EF             70           1
        STRCODE          0002-0003              2           2
                         07FE-07FF              2
                         08F2-08FF              E
                         0A69-0D5A            2F2
        STRING           0002-0003              2           2
                         07FE-07FF              2
                         08F2-08FF              E
                         0A69-0D5A            100

                                  Symbol Table

?___bmul                            cstackBANK0  0020
?___ftadd                           cstackBANK0  003A
?___ftmul                           cstackBANK0  002B
?___ftpack                          cstackBANK0  0020
?___fttol                           cstackBANK0  0046
?___lwdiv                           cstackBANK0  0020
?___lwmod                           cstackBANK0  0027
?___lwtoft                          cstackBANK0  0028
?___wmul                            cstackBANK0  0020
?_handleMainMenu                    cstackBANK0  0060
?_pressButton                       cstackBANK0  0062
?_putrsXLCDElement                  cstackBANK0  0023
?_showConfigureBacklight            cstackBANK0  0026
?_sprintf                           cstackBANK0  002C
?_turnLeft                          cstackBANK0  0062
?_turnRight                         cstackBANK0  0062
?_updateCurrentScreen               cstackBANK0  0060
?_updateStatus                      cstackBANK0  004D
?i1___wmul                          cstackCOMMON 0070
_ADCON0bits                         (abs)        001F
_ADRESH                             (abs)        001E
_ADRESL                             (abs)        009E
_ANSEL                              (abs)        011E
_ANSELH                             (abs)        011F
_BRG16                              (abs)        04DB
_BRGH                               (abs)        04C2
_CM1CON0                            (abs)        0119
_CM2CON0                            (abs)        011A
_ConfigureOscillator                text741      0A65
_INTCONbits                         (abs)        000B
_IOCAbits                           (abs)        0096
_InitApp                            text742      0A18
_OPTION_REGbits                     (abs)        0081
_OSCCONbits                         (abs)        008F
_PIE1bits                           (abs)        008C
_PIR1bits                           (abs)        000C
_PORTA                              (abs)        0005
_PORTAbits                          (abs)        0005
_PORTB                              (abs)        0006
_PORTBbits                          (abs)        0006
_PORTC                              (abs)        0007
_PORTCbits                          (abs)        0007
_PR2                                (abs)        0092
_SPBRG                              (abs)        0099
_SPBRGH                             (abs)        009A
_SPEN                               (abs)        00C7
_SYNC                               (abs)        04C4
_T1CONbits                          (abs)        0010
_T2CON                              (abs)        0012
_TMR0                               (abs)        0001
_TMR1H                              (abs)        000F
_TMR1L                              (abs)        000E
_TRISA                              (abs)        0085
_TRISB                              (abs)        0086
_TRISBbits                          (abs)        0086
_TRISC                              (abs)        0087
_TRISCbits                          (abs)        0087
_TRMT                               (abs)        04C1
_TXEN                               (abs)        04C5
_TXREG                              (abs)        0019
_WPUAbits                           (abs)        0095
__CFG_BOREN$OFF                     (abs)        0000
__CFG_CP$OFF                        (abs)        0000
__CFG_CPD$OFF                       (abs)        0000
__CFG_FCMEN$OFF                     (abs)        0000
__CFG_FOSC$INTRCIO                  (abs)        0000
__CFG_IESO$OFF                      (abs)        0000
__CFG_MCLRE$OFF                     (abs)        0000
__CFG_PWRTE$OFF                     (abs)        0000
__CFG_WDTE$OFF                      (abs)        0000
__Habs1                             abs1         0000
__Hbank0                            bank0        0000
__Hbank1                            bank1        0000
__Hbank2                            bank2        0000
__Hbank3                            bank3        0000
__HbssBANK0                         bssBANK0     0000
__HbssBANK1                         bssBANK1     0000
__HbssCOMMON                        bssCOMMON    0000
__Hcinit                            cinit        0000
__Hclrtext                          clrtext      0000
__Hcode                             code         0000
__Hcommon                           common       0000
__Hconfig                           config       2008
__HcstackBANK0                      cstackBANK0  0000
__HcstackCOMMON                     cstackCOMMON 0000
__Heeprom_data                      eeprom_data  0000
__Hend_init                         end_init     000F
__Hfunctab                          functab      0000
__Hidloc                            idloc        0000
__Hinit                             init         000D
__Hintentry                         intentry     000D
__Hmaintext                         maintext     0000
__Hpa_nodes                         pa_nodes     0000
__Hpowerup                          powerup      0000
__Hram                              ram          0000
__Hreset_vec                        reset_vec    0002
__Hsfr0                             sfr0         0000
__Hsfr1                             sfr1         0000
__Hsfr2                             sfr2         0000
__Hsfr3                             sfr3         0000
__Hstrings                          strings      0000
__Htext                             text         0000
__Labs1                             abs1         0000
__Lbank0                            bank0        0000
__Lbank1                            bank1        0000
__Lbank2                            bank2        0000
__Lbank3                            bank3        0000
__LbssBANK0                         bssBANK0     0000
__LbssBANK1                         bssBANK1     0000
__LbssCOMMON                        bssCOMMON    0000
__Lcinit                            cinit        0000
__Lclrtext                          clrtext      0000
__Lcode                             code         0000
__Lcommon                           common       0000
__Lconfig                           config       2007
__LcstackBANK0                      cstackBANK0  0000
__LcstackCOMMON                     cstackCOMMON 0000
__Leeprom_data                      eeprom_data  0000
__Lend_init                         end_init     000D
__Lfunctab                          functab      0000
__Lidloc                            idloc        0000
__Linit                             init         000D
__Lintentry                         intentry     0004
__Lmaintext                         maintext     0000
__Lpa_nodes                         pa_nodes     0000
__Lpowerup                          powerup      0000
__Lram                              ram          0000
__Lreset_vec                        reset_vec    0000
__Lsfr0                             sfr0         0000
__Lsfr1                             sfr1         0000
__Lsfr2                             sfr2         0000
__Lsfr3                             sfr3         0000
__Lstrings                          strings      0000
__Ltext                             text         0000
__S0                                (abs)        2008
__S1                                (abs)        00BB
__S2                                (abs)        0000
___bmul                             text739      072E
___bmul@multiplicand                cstackBANK0  0020
___bmul@multiplier                  cstackBANK0  0022
___bmul@product                     cstackBANK0  0021
___ftadd                            text770      0F02
___ftadd@exp1                       cstackBANK0  0045
___ftadd@exp2                       cstackBANK0  0044
___ftadd@f1                         cstackBANK0  003A
___ftadd@f2                         cstackBANK0  003D
___ftadd@sign                       cstackBANK0  0043
___ftmul                            text770      0E87
___ftmul@cntr                       cstackBANK0  0038
___ftmul@exp                        cstackBANK0  0034
___ftmul@f1                         cstackBANK0  002B
___ftmul@f2                         cstackBANK0  002E
___ftmul@f3_as_product              cstackBANK0  0035
___ftmul@sign                       cstackBANK0  0039
___ftpack                           text770      0FC2
___ftpack@arg                       cstackBANK0  0020
___ftpack@exp                       cstackBANK0  0023
___ftpack@sign                      cstackBANK0  0024
___fttol                            text769      09B7
___fttol@exp1                       cstackBANK0  0052
___fttol@f1                         cstackBANK0  0046
___fttol@lval                       cstackBANK0  004E
___fttol@sign1                      cstackBANK0  004D
___lwdiv                            text739      06A5
___lwdiv@counter                    cstackBANK0  0026
___lwdiv@dividend                   cstackBANK0  0022
___lwdiv@divisor                    cstackBANK0  0020
___lwdiv@quotient                   cstackBANK0  0024
___lwmod                            text739      06DD
___lwmod@counter                    cstackBANK0  002B
___lwmod@dividend                   cstackBANK0  0029
___lwmod@divisor                    cstackBANK0  0027
___lwtoft                           text770      0E77
___lwtoft@c                         cstackBANK0  0028
___wmul                             text739      0701
___wmul@multiplicand                cstackBANK0  0022
___wmul@multiplier                  cstackBANK0  0020
___wmul@product                     cstackBANK0  0024
__end_of_ConfigureOscillator        text741      0A69
__end_of_InitApp                    text742      0A5D
__end_of___bmul                     text739      073C
__end_of___ftadd                    text770      0FC2
__end_of___ftmul                    text770      0F02
__end_of___ftpack                   text770      1000
__end_of___fttol                    text769      0A18
__end_of___lwdiv                    text739      06CF
__end_of___lwmod                    text739      0701
__end_of___lwtoft                   text770      0E87
__end_of___wmul                     text739      071A
__end_of__initialization            cinit        07EF
__end_of__stringdata                strings      09B7
__end_of__stringtab                 strings      0906
__end_of_busyXLCD                   text739      030C
__end_of_clearLCD                   text739      022B
__end_of_controlBacklight           text739      00F7
__end_of_dpowers                    strings      091C
__end_of_handleMainMenu             text739      0072
__end_of_hexpowers                  strings      0924
__end_of_init_lcd                   text739      0288
__end_of_isdigit                    text739      06DD
__end_of_isr                        text772      0E57
__end_of_main                       maintext     07E0
__end_of_menuString                 strings      0957
__end_of_octpowers                  strings      0912
__end_of_pressButton                text739      003B
__end_of_putrsXLCD                  text739      0324
__end_of_putrsXLCDElement           text739      072E
__end_of_putsXLCD                   text739      01E1
__end_of_resetBuffer                text772      0E5E
__end_of_sendSerial                 text739      074C
__end_of_sendSeriotData             text739      002F
__end_of_setDDRamAddr               text739      01CB
__end_of_showConfigureBacklight     text739      013D
__end_of_showMainMenu               text739      0120
__end_of_sprintf                    text739      06A5
__end_of_statusString1              strings      097B
__end_of_statusString2              strings      096B
__end_of_turnLeft                   text739      00F0
__end_of_turnRight                  text739      00AF
__end_of_updateCurrentScreen        text739      010F
__end_of_updateStatus               text739      018E
__end_of_writeCmdXLCD               text739      02C6
__end_of_writeDataXLCD              text739      021D
__end_ofi1___wmul                   text772      0E77
__initialization                    cinit        07E0
__pbssBANK0                         bssBANK0     0066
__pbssBANK1                         bssBANK1     00A0
__pbssCOMMON                        bssCOMMON    007B
__pcstackBANK0                      cstackBANK0  0020
__pcstackCOMMON                     cstackCOMMON 0070
__pintentry                         intentry     0004
__pmaintext                         maintext     074C
__pstrings                          strings      0900
__pswtext1                          swtext1      07F2
__pswtext2                          swtext2      0800
__ptext739                          text739      000F
__ptext740                          text739      073C
__ptext741                          text741      0A65
__ptext742                          text742      0A18
__ptext743                          text739      022B
__ptext744                          text739      00AF
__ptext745                          text739      0072
__ptext746                          text739      002F
__ptext747                          text739      010F
__ptext748                          text739      00F0
__ptext749                          text739      00F7
__ptext750                          text739      003B
__ptext751                          text739      013D
__ptext752                          text739      0324
__ptext753                          text739      01CB
__ptext754                          text739      0120
__ptext755                          text739      021D
__ptext756                          text739      0288
__ptext757                          text739      018E
__ptext758                          text739      071A
__ptext759                          text739      030C
__ptext760                          text739      02C6
__ptext761                          text739      01E1
__ptext762                          text739      06CF
__ptext763                          text739      072E
__ptext764                          text739      0701
__ptext765                          text739      06A5
__ptext766                          text739      06DD
__ptext767                          text770      0F02
__ptext768                          text770      0E87
__ptext769                          text769      09B7
__ptext770                          text770      0E77
__ptext771                          text770      0FC2
__ptext772                          text772      0D5B
__ptext773                          text772      0E57
__ptext774                          text772      0E5E
__ptext775                          text775      0000
__size_of_ConfigureOscillator       (abs)        0000
__size_of_InitApp                   (abs)        0000
__size_of___bmul                    (abs)        0000
__size_of___ftadd                   (abs)        0000
__size_of___ftmul                   (abs)        0000
__size_of___ftpack                  (abs)        0000
__size_of___fttol                   (abs)        0000
__size_of___lwdiv                   (abs)        0000
__size_of___lwmod                   (abs)        0000
__size_of___lwtoft                  (abs)        0000
__size_of___wmul                    (abs)        0000
__size_of_busyXLCD                  (abs)        0000
__size_of_clearLCD                  (abs)        0000
__size_of_controlBacklight          (abs)        0000
__size_of_handleMainMenu            (abs)        0000
__size_of_init_lcd                  (abs)        0000
__size_of_isdigit                   (abs)        0000
__size_of_isr                       (abs)        0000
__size_of_main                      (abs)        0000
__size_of_pressButton               (abs)        0000
__size_of_putrsXLCD                 (abs)        0000
__size_of_putrsXLCDElement          (abs)        0000
__size_of_putsXLCD                  (abs)        0000
__size_of_resetBuffer               (abs)        0000
__size_of_sendSerial                (abs)        0000
__size_of_sendSeriotData            (abs)        0000
__size_of_setDDRamAddr              (abs)        0000
__size_of_showConfigureBacklight    (abs)        0000
__size_of_showMainMenu              (abs)        0000
__size_of_sprintf                   (abs)        0000
__size_of_turnLeft                  (abs)        0000
__size_of_turnRight                 (abs)        0000
__size_of_updateCurrentScreen       (abs)        0000
__size_of_updateStatus              (abs)        0000
__size_of_writeCmdXLCD              (abs)        0000
__size_of_writeDataXLCD             (abs)        0000
__size_ofi1___wmul                  (abs)        0000
__stringdata                        strings      097B
__stringtab                         strings      0900
_bitsReceived                       bssCOMMON    007B
_busBuffer                          bssBANK0     0069
_busMessage                         bssBANK0     006C
_busyXLCD                           text739      02C6
_clearLCD                           text739      021D
_controlBacklight                   text739      00F0
_dataBlock                          bssCOMMON    007C
_dpowers                            strings      0912
_encoder_A_prev                     bssCOMMON    007D
_handleMainMenu                     text739      003B
_hexpowers                          strings      091C
_init_lcd                           text739      022B
_isdigit                            text739      06CF
_isdigit$1193                       cstackBANK0  0020
_isr                                text772      0D5B
_lastWindPulse                      bssBANK0     0066
_main                               maintext     074C
_menuStatus                         bssBANK1     00B4
_menuString                         strings      0924
_octpowers                          strings      0906
_pressButton                        text739      002F
_putrsXLCD                          text739      030C
_putrsXLCDElement                   text739      071A
_putsXLCD                           text739      01CB
_resetBuffer                        text772      0E57
_sendSerial                         text739      073C
_sendSeriotData                     text739      000F
_setDDRamAddr                       text739      018E
_showConfigureBacklight             text739      0120
_showMainMenu                       text739      010F
_sprintf                            text739      0324
_sprintf$1128                       cstackBANK0  003C
_sprintf$1129                       cstackBANK0  003E
_sprintf$1135                       cstackBANK0  0041
_statusString1                      strings      096B
_statusString2                      strings      0957
_systemStatus                       bssBANK1     00A0
_timer1Overload                     bssBANK0     0067
_turnLeft                           text739      00AF
_turnRight                          text739      0072
_updateCurrentScreen                text739      00F7
_updateStatus                       text739      013D
_windCounter                        bssBANK0     0068
_writeCmdXLCD                       text739      0288
_writeDataXLCD                      text739      01E1
btemp                               (abs)        007E
clear_ram                           clrtext      0A5D
controlBacklight@systemStatus       cstackBANK0  0020
end_of_initialization               cinit        07EF
handleMainMenu@menuStatus           cstackBANK0  0060
handleMainMenu@systemStatus         cstackBANK0  0061
i1___wmul                           text772      0E5E
i1___wmul@multiplicand              cstackCOMMON 0072
i1___wmul@multiplier                cstackCOMMON 0070
i1___wmul@product                   cstackCOMMON 0074
interrupt_function                  intentry     0004
intlevel0                           functab      0000
intlevel1                           functab      0000
intlevel2                           functab      0000
intlevel3                           functab      0000
intlevel4                           functab      0000
intlevel5                           functab      0000
isdigit@c                           cstackBANK0  0021
isr@timer                           cstackCOMMON 007A
pressButton@menuStatus              cstackBANK0  0062
pressButton@systemStatus            cstackBANK0  0063
putrsXLCD@data                      cstackBANK0  0022
putrsXLCDElement@currentElement     cstackBANK0  0024
putrsXLCDElement@data               cstackBANK0  0025
putrsXLCDElement@element            cstackBANK0  0023
putsXLCD@data                       cstackBANK0  0022
reset_vec                           reset_vec    0000
saved_w                             (abs)        007E
sendSerial@text                     cstackBANK0  0020
sendSeriotData@text                 cstackBANK0  004D
setDDRamAddr@DDaddr                 cstackBANK0  0021
showConfigureBacklight@i            cstackBANK0  0028
showConfigureBacklight@menuStatus   cstackBANK0  0026
showConfigureBacklight@systemStatus cstackBANK0  0027
showMainMenu@menuStatus             cstackBANK0  0026
sprintf@_val                        cstackBANK0  0046
sprintf@ap                          cstackBANK0  0042
sprintf@c                           cstackBANK0  0049
sprintf@f                           cstackBANK0  002C
sprintf@flag                        cstackBANK0  004B
sprintf@idx                         cstackBANK0  0040
sprintf@prec                        cstackBANK0  0043
sprintf@sp                          cstackBANK0  004A
sprintf@width                       cstackBANK0  0044
start                               init         000D
start_initialization                cinit        07E0
turnLeft@menuStatus                 cstackBANK0  0062
turnLeft@systemStatus               cstackBANK0  0065
turnRight@menuStatus                cstackBANK0  0062
turnRight@systemStatus              cstackBANK0  0065
updateCurrentScreen@menuStatus      cstackBANK0  0060
updateCurrentScreen@systemStatus    cstackBANK0  0061
updateStatus@menuStatus             cstackBANK0  004D
updateStatus@systemStatus           cstackBANK0  005F
updateStatus@textBuffer             cstackBANK0  004E
writeCmdXLCD@cmd                    cstackBANK0  0021
writeDataXLCD@data                  cstackBANK0  0021
wtemp0                              (abs)        007E


FUNCTION INFORMATION:

 *************** function _main *****************
 Defined at:
		line 143 in file "main.c"
 Parameters:    Size  Location     Type
		None
 Auto vars:     Size  Location     Type
		None
 Return value:  Size  Location     Type
		None               void
 Registers used:
		wreg, fsr0l, fsr0h, fsr1l, fsr1h, status,2, status,0, btemp+1, pclath, cstack
 Tracked objects:
		On entry : 
		On exit  : 
		Unchanged: 
 Data sizes:     COMMON   BANK0   BANK1   BANK2
      Params:         0       0       0       0
      Locals:         0       0       0       0
      Temps:          0       0       0       0
      Totals:         0       0       0       0
Total ram usage:        0 bytes
 Hardware stack levels required when called:    8
 This function calls:
		_ConfigureOscillator
		_InitApp
		_init_lcd
		_turnLeft
		_turnRight
		_pressButton
		___lwtoft
		___ftmul
		___ftadd
		___fttol
		_sendSeriotData
		_updateStatus
 This function is called by:
		Startup code after reset
 This function uses a non-reentrant model


 *************** function _sendSeriotData *****************
 Defined at:
		line 132 in file "main.c"
 Parameters:    Size  Location     Type
		None
 Auto vars:     Size  Location     Type
  text           18   45[BANK0 ] unsigned char [18]
 Return value:  Size  Location     Type
		None               void
 Registers used:
		wreg, fsr0l, fsr0h, fsr1l, fsr1h, status,2, status,0, btemp+1, pclath, cstack
 Tracked objects:
		On entry : 
		On exit  : 
		Unchanged: 
 Data sizes:     COMMON   BANK0   BANK1   BANK2
      Params:         0       0       0       0
      Locals:         0      18       0       0
      Temps:          0       0       0       0
      Totals:         0      18       0       0
Total ram usage:       18 bytes
 Hardware stack levels used:    1
 Hardware stack levels required when called:    4
 This function calls:
		_sprintf
		_sendSerial
 This function is called by:
		_main
 This function uses a non-reentrant model


 *************** function _sendSerial *****************
 Defined at:
		line 123 in file "main.c"
 Parameters:    Size  Location     Type
  text            1    wreg     PTR const unsigned char 
		 -> sendSeriotData@text(18), 
 Auto vars:     Size  Location     Type
  text            1    0[BANK0 ] PTR const unsigned char 
		 -> sendSeriotData@text(18), 
 Return value:  Size  Location     Type
		None               void
 Registers used:
		wreg, fsr0l, fsr0h, status,2, status,0
 Tracked objects:
		On entry : 
		On exit  : 
		Unchanged: 
 Data sizes:     COMMON   BANK0   BANK1   BANK2
      Params:         0       0       0       0
      Locals:         0       1       0       0
      Temps:          0       0       0       0
      Totals:         0       1       0       0
Total ram usage:        1 bytes
 Hardware stack levels used:    1
 Hardware stack levels required when called:    2
 This function calls:
		Nothing
 This function is called by:
		_sendSeriotData
 This function uses a non-reentrant model


 *************** function _ConfigureOscillator *****************
 Defined at:
		line 16 in file "system.c"
 Parameters:    Size  Location     Type
		None
 Auto vars:     Size  Location     Type
		None
 Return value:  Size  Location     Type
		None               void
 Registers used:
		wreg, status,2, status,0
 Tracked objects:
		On entry : 
		On exit  : 
		Unchanged: 
 Data sizes:     COMMON   BANK0   BANK1   BANK2
      Params:         0       0       0       0
      Locals:         0       0       0       0
      Temps:          0       0       0       0
      Totals:         0       0       0       0
Total ram usage:        0 bytes
 Hardware stack levels used:    1
 Hardware stack levels required when called:    2
 This function calls:
		Nothing
 This function is called by:
		_main
 This function uses a non-reentrant model


 *************** function _InitApp *****************
 Defined at:
		line 21 in file "user.c"
 Parameters:    Size  Location     Type
		None
 Auto vars:     Size  Location     Type
		None
 Return value:  Size  Location     Type
		None               void
 Registers used:
		wreg, status,2, status,0
 Tracked objects:
		On entry : 
		On exit  : 
		Unchanged: 
 Data sizes:     COMMON   BANK0   BANK1   BANK2
      Params:         0       0       0       0
      Locals:         0       0       0       0
      Temps:          0       0       0       0
      Totals:         0       0       0       0
Total ram usage:        0 bytes
 Hardware stack levels used:    1
 Hardware stack levels required when called:    2
 This function calls:
		Nothing
 This function is called by:
		_main
 This function uses a non-reentrant model


 *************** function _init_lcd *****************
 Defined at:
		line 30 in file "lcd.c"
 Parameters:    Size  Location     Type
		None
 Auto vars:     Size  Location     Type
		None
 Return value:  Size  Location     Type
		None               void
 Registers used:
		wreg, status,2, status,0, pclath, cstack
 Tracked objects:
		On entry : 
		On exit  : 
		Unchanged: 
 Data sizes:     COMMON   BANK0   BANK1   BANK2
      Params:         0       0       0       0
      Locals:         0       0       0       0
      Temps:          0       2       0       0
      Totals:         0       2       0       0
Total ram usage:        2 bytes
 Hardware stack levels used:    1
 Hardware stack levels required when called:    4
 This function calls:
		_writeCmdXLCD
		_busyXLCD
		_clearLCD
		_setDDRamAddr
 This function is called by:
		_main
 This function uses a non-reentrant model


 *************** function _turnLeft *****************
 Defined at:
		line 141 in file "menu.c"
 Parameters:    Size  Location     Type
  systemStatus    1    wreg     PTR struct SystemStatus
		 -> systemStatus(20), 
  menuStatus      1   66[BANK0 ] PTR struct MenuStatus
		 -> menuStatus(7), 
 Auto vars:     Size  Location     Type
  systemStatus    1   69[BANK0 ] PTR struct SystemStatus
		 -> systemStatus(20), 
 Return value:  Size  Location     Type
		None               void
 Registers used:
		wreg, fsr0l, fsr0h, fsr1l, fsr1h, status,2, status,0, btemp+1, pclath, cstack
 Tracked objects:
		On entry : 
		On exit  : 
		Unchanged: 
 Data sizes:     COMMON   BANK0   BANK1   BANK2
      Params:         0       1       0       0
      Locals:         0       1       0       0
      Temps:          0       2       0       0
      Totals:         0       4       0       0
Total ram usage:        4 bytes
 Hardware stack levels used:    1
 Hardware stack levels required when called:    7
 This function calls:
		_controlBacklight
		_showMainMenu
		_updateCurrentScreen
 This function is called by:
		_main
 This function uses a non-reentrant model


 *************** function _turnRight *****************
 Defined at:
		line 117 in file "menu.c"
 Parameters:    Size  Location     Type
  systemStatus    1    wreg     PTR struct SystemStatus
		 -> systemStatus(20), 
  menuStatus      1   66[BANK0 ] PTR struct MenuStatus
		 -> menuStatus(7), 
 Auto vars:     Size  Location     Type
  systemStatus    1   69[BANK0 ] PTR struct SystemStatus
		 -> systemStatus(20), 
 Return value:  Size  Location     Type
		None               void
 Registers used:
		wreg, fsr0l, fsr0h, fsr1l, fsr1h, status,2, status,0, btemp+1, pclath, cstack
 Tracked objects:
		On entry : 
		On exit  : 
		Unchanged: 
 Data sizes:     COMMON   BANK0   BANK1   BANK2
      Params:         0       1       0       0
      Locals:         0       1       0       0
      Temps:          0       2       0       0
      Totals:         0       4       0       0
Total ram usage:        4 bytes
 Hardware stack levels used:    1
 Hardware stack levels required when called:    7
 This function calls:
		_controlBacklight
		_showMainMenu
		_updateCurrentScreen
 This function is called by:
		_main
 This function uses a non-reentrant model


 *************** function _pressButton *****************
 Defined at:
		line 165 in file "menu.c"
 Parameters:    Size  Location     Type
  systemStatus    1    wreg     PTR struct SystemStatus
		 -> systemStatus(20), 
  menuStatus      1   66[BANK0 ] PTR struct MenuStatus
		 -> menuStatus(7), 
 Auto vars:     Size  Location     Type
  systemStatus    1   67[BANK0 ] PTR struct SystemStatus
		 -> systemStatus(20), 
 Return value:  Size  Location     Type
		None               void
 Registers used:
		wreg, fsr0l, fsr0h, fsr1l, fsr1h, status,2, status,0, btemp+1, pclath, cstack
 Tracked objects:
		On entry : 
		On exit  : 
		Unchanged: 
 Data sizes:     COMMON   BANK0   BANK1   BANK2
      Params:         0       1       0       0
      Locals:         0       1       0       0
      Temps:          0       0       0       0
      Totals:         0       2       0       0
Total ram usage:        2 bytes
 Hardware stack levels used:    1
 Hardware stack levels required when called:    7
 This function calls:
		_controlBacklight
		_handleMainMenu
 This function is called by:
		_main
 This function uses a non-reentrant model


 *************** function _showMainMenu *****************
 Defined at:
		line 59 in file "menu.c"
 Parameters:    Size  Location     Type
  menuStatus      1    wreg     PTR struct MenuStatus
		 -> menuStatus(7), 
 Auto vars:     Size  Location     Type
  menuStatus      1    6[BANK0 ] PTR struct MenuStatus
		 -> menuStatus(7), 
 Return value:  Size  Location     Type
		None               void
 Registers used:
		wreg, fsr0l, fsr0h, status,2, status,0, pclath, cstack
 Tracked objects:
		On entry : 
		On exit  : 
		Unchanged: 
 Data sizes:     COMMON   BANK0   BANK1   BANK2
      Params:         0       0       0       0
      Locals:         0       1       0       0
      Temps:          0       0       0       0
      Totals:         0       1       0       0
Total ram usage:        1 bytes
 Hardware stack levels used:    1
 Hardware stack levels required when called:    5
 This function calls:
		_clearLCD
		_putrsXLCD
		_setDDRamAddr
		_putrsXLCDElement
 This function is called by:
		_turnRight
		_turnLeft
 This function uses a non-reentrant model


 *************** function _controlBacklight *****************
 Defined at:
		line 69 in file "menu.c"
 Parameters:    Size  Location     Type
  systemStatus    1    wreg     PTR struct SystemStatus
		 -> systemStatus(20), 
 Auto vars:     Size  Location     Type
  systemStatus    1    0[BANK0 ] PTR struct SystemStatus
		 -> systemStatus(20), 
 Return value:  Size  Location     Type
		None               void
 Registers used:
		wreg, fsr0l, fsr0h
 Tracked objects:
		On entry : 
		On exit  : 
		Unchanged: 
 Data sizes:     COMMON   BANK0   BANK1   BANK2
      Params:         0       0       0       0
      Locals:         0       1       0       0
      Temps:          0       0       0       0
      Totals:         0       1       0       0
Total ram usage:        1 bytes
 Hardware stack levels used:    1
 Hardware stack levels required when called:    2
 This function calls:
		Nothing
 This function is called by:
		_turnRight
		_turnLeft
		_pressButton
 This function uses a non-reentrant model


 *************** function _updateCurrentScreen *****************
 Defined at:
		line 73 in file "menu.c"
 Parameters:    Size  Location     Type
  systemStatus    1    wreg     PTR struct SystemStatus
		 -> systemStatus(20), 
  menuStatus      1   64[BANK0 ] PTR struct MenuStatus
		 -> menuStatus(7), 
 Auto vars:     Size  Location     Type
  systemStatus    1   65[BANK0 ] PTR struct SystemStatus
		 -> systemStatus(20), 
 Return value:  Size  Location     Type
		None               void
 Registers used:
		wreg, fsr0l, fsr0h, fsr1l, fsr1h, status,2, status,0, btemp+1, pclath, cstack
 Tracked objects:
		On entry : 
		On exit  : 
		Unchanged: 
 Data sizes:     COMMON   BANK0   BANK1   BANK2
      Params:         0       1       0       0
      Locals:         0       1       0       0
      Temps:          0       0       0       0
      Totals:         0       2       0       0
Total ram usage:        2 bytes
 Hardware stack levels used:    1
 Hardware stack levels required when called:    6
 This function calls:
		_updateStatus
		_showConfigureBacklight
 This function is called by:
		_turnRight
		_turnLeft
 This function uses a non-reentrant model


 *************** function _handleMainMenu *****************
 Defined at:
		line 92 in file "menu.c"
 Parameters:    Size  Location     Type
  systemStatus    1    wreg     PTR struct SystemStatus
		 -> systemStatus(20), 
  menuStatus      1   64[BANK0 ] PTR struct MenuStatus
		 -> menuStatus(7), 
 Auto vars:     Size  Location     Type
  systemStatus    1   65[BANK0 ] PTR struct SystemStatus
		 -> systemStatus(20), 
 Return value:  Size  Location     Type
		None               void
 Registers used:
		wreg, fsr0l, fsr0h, fsr1l, fsr1h, status,2, status,0, btemp+1, pclath, cstack
 Tracked objects:
		On entry : 
		On exit  : 
		Unchanged: 
 Data sizes:     COMMON   BANK0   BANK1   BANK2
      Params:         0       1       0       0
      Locals:         0       1       0       0
      Temps:          0       0       0       0
      Totals:         0       2       0       0
Total ram usage:        2 bytes
 Hardware stack levels used:    1
 Hardware stack levels required when called:    6
 This function calls:
		_showConfigureBacklight
		_updateStatus
 This function is called by:
		_pressButton
 This function uses a non-reentrant model


 *************** function _updateStatus *****************
 Defined at:
		line 175 in file "menu.c"
 Parameters:    Size  Location     Type
  systemStatus    1    wreg     PTR struct SystemStatus
		 -> systemStatus(20), 
  menuStatus      1   45[BANK0 ] PTR struct MenuStatus
		 -> menuStatus(7), 
 Auto vars:     Size  Location     Type
  systemStatus    1   63[BANK0 ] PTR struct SystemStatus
		 -> systemStatus(20), 
  textBuffer     17   46[BANK0 ] unsigned char [17]
 Return value:  Size  Location     Type
		None               void
 Registers used:
		wreg, fsr0l, fsr0h, fsr1l, fsr1h, status,2, status,0, btemp+1, pclath, cstack
 Tracked objects:
		On entry : 
		On exit  : 
		Unchanged: 
 Data sizes:     COMMON   BANK0   BANK1   BANK2
      Params:         0       1       0       0
      Locals:         0      18       0       0
      Temps:          0       0       0       0
      Totals:         0      19       0       0
Total ram usage:       19 bytes
 Hardware stack levels used:    1
 Hardware stack levels required when called:    4
 This function calls:
		_sprintf
		_setDDRamAddr
		_putsXLCD
 This function is called by:
		_main
		_updateCurrentScreen
		_handleMainMenu
 This function uses a non-reentrant model


 *************** function _sprintf *****************
 Defined at:
		line 493 in file "C:\Program Files (x86)\Microchip\xc8\v1.12\sources\doprnt.c"
 Parameters:    Size  Location     Type
  sp              1    wreg     PTR unsigned char 
		 -> updateStatus@textBuffer(17), sendSeriotData@text(18), 
  f               1   12[BANK0 ] PTR const unsigned char 
		 -> statusString2(20), statusString1(16), STR_1(14), 
 Auto vars:     Size  Location     Type
  sp              1   42[BANK0 ] PTR unsigned char 
		 -> updateStatus@textBuffer(17), sendSeriotData@text(18), 
  idx             1   32[BANK0 ] unsigned char 
  _val            3   38[BANK0 ] struct .
  flag            2   43[BANK0 ] unsigned short 
  width           2   36[BANK0 ] int 
  c               1   41[BANK0 ] char 
  prec            1   35[BANK0 ] char 
  ap              1   34[BANK0 ] PTR void [1]
		 -> ?_sprintf(2), 
 Return value:  Size  Location     Type
                  2   12[BANK0 ] int 
 Registers used:
		wreg, fsr0l, fsr0h, status,2, status,0, btemp+1, pclath, cstack
 Tracked objects:
		On entry : 
		On exit  : 
		Unchanged: 
 Data sizes:     COMMON   BANK0   BANK1   BANK2
      Params:         0      13       0       0
      Locals:         0      17       0       0
      Temps:          0       3       0       0
      Totals:         0      33       0       0
Total ram usage:       33 bytes
 Hardware stack levels used:    1
 Hardware stack levels required when called:    3
 This function calls:
		_isdigit
		___wmul
		___bmul
		___lwdiv
		___lwmod
 This function is called by:
		_sendSeriotData
		_updateStatus
 This function uses a non-reentrant model


 *************** function _putsXLCD *****************
 Defined at:
		line 148 in file "lcd.c"
 Parameters:    Size  Location     Type
  data            1    wreg     PTR unsigned char 
		 -> updateStatus@textBuffer(17), 
 Auto vars:     Size  Location     Type
  data            1    2[BANK0 ] PTR unsigned char 
		 -> updateStatus@textBuffer(17), 
 Return value:  Size  Location     Type
		None               void
 Registers used:
		wreg, fsr0l, fsr0h, status,2, status,0, pclath, cstack
 Tracked objects:
		On entry : 
		On exit  : 
		Unchanged: 
 Data sizes:     COMMON   BANK0   BANK1   BANK2
      Params:         0       0       0       0
      Locals:         0       1       0       0
      Temps:          0       0       0       0
      Totals:         0       1       0       0
Total ram usage:        1 bytes
 Hardware stack levels used:    1
 Hardware stack levels required when called:    3
 This function calls:
		_busyXLCD
		_writeDataXLCD
 This function is called by:
		_updateStatus
 This function uses a non-reentrant model


 *************** function _showConfigureBacklight *****************
 Defined at:
		line 48 in file "menu.c"
 Parameters:    Size  Location     Type
  systemStatus    1    wreg     PTR struct SystemStatus
		 -> systemStatus(20), 
  menuStatus      1    6[BANK0 ] PTR struct MenuStatus
		 -> menuStatus(7), 
 Auto vars:     Size  Location     Type
  systemStatus    1    7[BANK0 ] PTR struct SystemStatus
		 -> systemStatus(20), 
  i               1    8[BANK0 ] unsigned char 
 Return value:  Size  Location     Type
		None               void
 Registers used:
		wreg, fsr0l, fsr0h, status,2, status,0, pclath, cstack
 Tracked objects:
		On entry : 
		On exit  : 
		Unchanged: 
 Data sizes:     COMMON   BANK0   BANK1   BANK2
      Params:         0       1       0       0
      Locals:         0       2       0       0
      Temps:          0       0       0       0
      Totals:         0       3       0       0
Total ram usage:        3 bytes
 Hardware stack levels used:    1
 Hardware stack levels required when called:    5
 This function calls:
		_clearLCD
		_putrsXLCDElement
		_setDDRamAddr
		_putrsXLCD
 This function is called by:
		_updateCurrentScreen
		_handleMainMenu
 This function uses a non-reentrant model


 *************** function _clearLCD *****************
 Defined at:
		line 254 in file "lcd.c"
 Parameters:    Size  Location     Type
		None
 Auto vars:     Size  Location     Type
		None
 Return value:  Size  Location     Type
		None               void
 Registers used:
		wreg, status,2, status,0, pclath, cstack
 Tracked objects:
		On entry : 
		On exit  : 
		Unchanged: 
 Data sizes:     COMMON   BANK0   BANK1   BANK2
      Params:         0       0       0       0
      Locals:         0       0       0       0
      Temps:          0       0       0       0
      Totals:         0       0       0       0
Total ram usage:        0 bytes
 Hardware stack levels used:    1
 Hardware stack levels required when called:    3
 This function calls:
		_busyXLCD
		_writeCmdXLCD
 This function is called by:
		_init_lcd
		_showConfigureBacklight
		_showMainMenu
 This function uses a non-reentrant model


 *************** function _writeCmdXLCD *****************
 Defined at:
		line 81 in file "lcd.c"
 Parameters:    Size  Location     Type
  cmd             1    wreg     unsigned char 
 Auto vars:     Size  Location     Type
  cmd             1    1[BANK0 ] unsigned char 
 Return value:  Size  Location     Type
		None               void
 Registers used:
		wreg, status,2, status,0
 Tracked objects:
		On entry : 
		On exit  : 
		Unchanged: 
 Data sizes:     COMMON   BANK0   BANK1   BANK2
      Params:         0       0       0       0
      Locals:         0       1       0       0
      Temps:          0       1       0       0
      Totals:         0       2       0       0
Total ram usage:        2 bytes
 Hardware stack levels used:    1
 Hardware stack levels required when called:    2
 This function calls:
		Nothing
 This function is called by:
		_init_lcd
		_clearLCD
 This function uses a non-reentrant model


 *************** function _setDDRamAddr *****************
 Defined at:
		line 229 in file "lcd.c"
 Parameters:    Size  Location     Type
  DDaddr          1    wreg     unsigned char 
 Auto vars:     Size  Location     Type
  DDaddr          1    1[BANK0 ] unsigned char 
 Return value:  Size  Location     Type
		None               void
 Registers used:
		wreg, status,2, status,0
 Tracked objects:
		On entry : 
		On exit  : 
		Unchanged: 
 Data sizes:     COMMON   BANK0   BANK1   BANK2
      Params:         0       0       0       0
      Locals:         0       1       0       0
      Temps:          0       1       0       0
      Totals:         0       2       0       0
Total ram usage:        2 bytes
 Hardware stack levels used:    1
 Hardware stack levels required when called:    2
 This function calls:
		Nothing
 This function is called by:
		_init_lcd
		_showConfigureBacklight
		_showMainMenu
		_updateStatus
 This function uses a non-reentrant model


 *************** function _putrsXLCDElement *****************
 Defined at:
		line 182 in file "lcd.c"
 Parameters:    Size  Location     Type
  data            1    wreg     PTR const unsigned char 
		 -> menuString(51), 
  element         1    3[BANK0 ] unsigned char 
 Auto vars:     Size  Location     Type
  data            1    5[BANK0 ] PTR const unsigned char 
		 -> menuString(51), 
  currentEleme    1    4[BANK0 ] unsigned char 
 Return value:  Size  Location     Type
		None               void
 Registers used:
		wreg, fsr0l, fsr0h, status,2, status,0, pclath, cstack
 Tracked objects:
		On entry : 
		On exit  : 
		Unchanged: 
 Data sizes:     COMMON   BANK0   BANK1   BANK2
      Params:         0       1       0       0
      Locals:         0       2       0       0
      Temps:          0       0       0       0
      Totals:         0       3       0       0
Total ram usage:        3 bytes
 Hardware stack levels used:    1
 Hardware stack levels required when called:    4
 This function calls:
		_putrsXLCD
 This function is called by:
		_showConfigureBacklight
		_showMainMenu
 This function uses a non-reentrant model


 *************** function _putrsXLCD *****************
 Defined at:
		line 171 in file "lcd.c"
 Parameters:    Size  Location     Type
  data            1    wreg     PTR const unsigned char 
		 -> STR_3(10), STR_2(2), menuString(51), 
 Auto vars:     Size  Location     Type
  data            1    2[BANK0 ] PTR const unsigned char 
		 -> STR_3(10), STR_2(2), menuString(51), 
 Return value:  Size  Location     Type
		None               void
 Registers used:
		wreg, fsr0l, fsr0h, status,2, status,0, pclath, cstack
 Tracked objects:
		On entry : 
		On exit  : 
		Unchanged: 
 Data sizes:     COMMON   BANK0   BANK1   BANK2
      Params:         0       0       0       0
      Locals:         0       1       0       0
      Temps:          0       0       0       0
      Totals:         0       1       0       0
Total ram usage:        1 bytes
 Hardware stack levels used:    1
 Hardware stack levels required when called:    3
 This function calls:
		_busyXLCD
		_writeDataXLCD
 This function is called by:
		_putrsXLCDElement
		_showConfigureBacklight
		_showMainMenu
 This function uses a non-reentrant model


 *************** function _busyXLCD *****************
 Defined at:
		line 107 in file "lcd.c"
 Parameters:    Size  Location     Type
		None
 Auto vars:     Size  Location     Type
		None
 Return value:  Size  Location     Type
                  1    wreg      unsigned char 
 Registers used:
		wreg
 Tracked objects:
		On entry : 
		On exit  : 
		Unchanged: 
 Data sizes:     COMMON   BANK0   BANK1   BANK2
      Params:         0       0       0       0
      Locals:         0       0       0       0
      Temps:          0       1       0       0
      Totals:         0       1       0       0
Total ram usage:        1 bytes
 Hardware stack levels used:    1
 Hardware stack levels required when called:    2
 This function calls:
		Nothing
 This function is called by:
		_init_lcd
		_putsXLCD
		_putrsXLCD
		_clearLCD
 This function uses a non-reentrant model


 *************** function _writeDataXLCD *****************
 Defined at:
		line 196 in file "lcd.c"
 Parameters:    Size  Location     Type
  data            1    wreg     unsigned char 
 Auto vars:     Size  Location     Type
  data            1    1[BANK0 ] unsigned char 
 Return value:  Size  Location     Type
		None               void
 Registers used:
		wreg, status,2, status,0
 Tracked objects:
		On entry : 
		On exit  : 
		Unchanged: 
 Data sizes:     COMMON   BANK0   BANK1   BANK2
      Params:         0       0       0       0
      Locals:         0       1       0       0
      Temps:          0       1       0       0
      Totals:         0       2       0       0
Total ram usage:        2 bytes
 Hardware stack levels used:    1
 Hardware stack levels required when called:    2
 This function calls:
		Nothing
 This function is called by:
		_putsXLCD
		_putrsXLCD
 This function uses a non-reentrant model


 *************** function _isdigit *****************
 Defined at:
		line 13 in file "C:\Program Files (x86)\Microchip\xc8\v1.12\sources\isdigit.c"
 Parameters:    Size  Location     Type
  c               1    wreg     unsigned char 
 Auto vars:     Size  Location     Type
  c               1    1[BANK0 ] unsigned char 
 Return value:  Size  Location     Type
		None               void
 Registers used:
		wreg, status,2, status,0
 Tracked objects:
		On entry : 
		On exit  : 
		Unchanged: 
 Data sizes:     COMMON   BANK0   BANK1   BANK2
      Params:         0       0       0       0
      Locals:         0       2       0       0
      Temps:          0       0       0       0
      Totals:         0       2       0       0
Total ram usage:        2 bytes
 Hardware stack levels used:    1
 Hardware stack levels required when called:    2
 This function calls:
		Nothing
 This function is called by:
		_sprintf
 This function uses a non-reentrant model


 *************** function ___bmul *****************
 Defined at:
		line 3 in file "C:\Program Files (x86)\Microchip\xc8\v1.12\sources\bmul.c"
 Parameters:    Size  Location     Type
  multiplier      1    wreg     unsigned char 
  multiplicand    1    0[BANK0 ] unsigned char 
 Auto vars:     Size  Location     Type
  multiplier      1    2[BANK0 ] unsigned char 
  product         1    1[BANK0 ] unsigned char 
 Return value:  Size  Location     Type
                  1    wreg      unsigned char 
 Registers used:
		wreg, status,2, status,0
 Tracked objects:
		On entry : 
		On exit  : 
		Unchanged: 
 Data sizes:     COMMON   BANK0   BANK1   BANK2
      Params:         0       1       0       0
      Locals:         0       2       0       0
      Temps:          0       0       0       0
      Totals:         0       3       0       0
Total ram usage:        3 bytes
 Hardware stack levels used:    1
 Hardware stack levels required when called:    2
 This function calls:
		Nothing
 This function is called by:
		_sprintf
 This function uses a non-reentrant model


 *************** function ___wmul *****************
 Defined at:
		line 3 in file "C:\Program Files (x86)\Microchip\xc8\v1.12\sources\wmul.c"
 Parameters:    Size  Location     Type
  multiplier      2    0[BANK0 ] unsigned int 
  multiplicand    2    2[BANK0 ] unsigned int 
 Auto vars:     Size  Location     Type
  product         2    4[BANK0 ] unsigned int 
 Return value:  Size  Location     Type
                  2    0[BANK0 ] unsigned int 
 Registers used:
		wreg, status,2, status,0
 Tracked objects:
		On entry : 
		On exit  : 
		Unchanged: 
 Data sizes:     COMMON   BANK0   BANK1   BANK2
      Params:         0       4       0       0
      Locals:         0       2       0       0
      Temps:          0       0       0       0
      Totals:         0       6       0       0
Total ram usage:        6 bytes
 Hardware stack levels used:    1
 Hardware stack levels required when called:    2
 This function calls:
		Nothing
 This function is called by:
		_sprintf
 This function uses a non-reentrant model


 *************** function ___lwdiv *****************
 Defined at:
		line 5 in file "C:\Program Files (x86)\Microchip\xc8\v1.12\sources\lwdiv.c"
 Parameters:    Size  Location     Type
  divisor         2    0[BANK0 ] unsigned int 
  dividend        2    2[BANK0 ] unsigned int 
 Auto vars:     Size  Location     Type
  quotient        2    4[BANK0 ] unsigned int 
  counter         1    6[BANK0 ] unsigned char 
 Return value:  Size  Location     Type
                  2    0[BANK0 ] unsigned int 
 Registers used:
		wreg, status,2, status,0
 Tracked objects:
		On entry : 
		On exit  : 
		Unchanged: 
 Data sizes:     COMMON   BANK0   BANK1   BANK2
      Params:         0       4       0       0
      Locals:         0       3       0       0
      Temps:          0       0       0       0
      Totals:         0       7       0       0
Total ram usage:        7 bytes
 Hardware stack levels used:    1
 Hardware stack levels required when called:    2
 This function calls:
		Nothing
 This function is called by:
		_sprintf
 This function uses a non-reentrant model


 *************** function ___lwmod *****************
 Defined at:
		line 5 in file "C:\Program Files (x86)\Microchip\xc8\v1.12\sources\lwmod.c"
 Parameters:    Size  Location     Type
  divisor         2    7[BANK0 ] unsigned int 
  dividend        2    9[BANK0 ] unsigned int 
 Auto vars:     Size  Location     Type
  counter         1   11[BANK0 ] unsigned char 
 Return value:  Size  Location     Type
                  2    7[BANK0 ] unsigned int 
 Registers used:
		wreg, status,2, status,0
 Tracked objects:
		On entry : 
		On exit  : 
		Unchanged: 
 Data sizes:     COMMON   BANK0   BANK1   BANK2
      Params:         0       4       0       0
      Locals:         0       1       0       0
      Temps:          0       0       0       0
      Totals:         0       5       0       0
Total ram usage:        5 bytes
 Hardware stack levels used:    1
 Hardware stack levels required when called:    2
 This function calls:
		Nothing
 This function is called by:
		_sprintf
 This function uses a non-reentrant model


 *************** function ___ftadd *****************
 Defined at:
		line 87 in file "C:\Program Files (x86)\Microchip\xc8\v1.12\sources\ftadd.c"
 Parameters:    Size  Location     Type
  f1              3   26[BANK0 ] float 
  f2              3   29[BANK0 ] float 
 Auto vars:     Size  Location     Type
  exp1            1   37[BANK0 ] unsigned char 
  exp2            1   36[BANK0 ] unsigned char 
  sign            1   35[BANK0 ] unsigned char 
 Return value:  Size  Location     Type
                  3   26[BANK0 ] float 
 Registers used:
		wreg, status,2, status,0, pclath, cstack
 Tracked objects:
		On entry : 
		On exit  : 
		Unchanged: 
 Data sizes:     COMMON   BANK0   BANK1   BANK2
      Params:         0       6       0       0
      Locals:         0       3       0       0
      Temps:          0       3       0       0
      Totals:         0      12       0       0
Total ram usage:       12 bytes
 Hardware stack levels used:    1
 Hardware stack levels required when called:    3
 This function calls:
		___ftpack
 This function is called by:
		_main
 This function uses a non-reentrant model


 *************** function ___ftmul *****************
 Defined at:
		line 52 in file "C:\Program Files (x86)\Microchip\xc8\v1.12\sources\ftmul.c"
 Parameters:    Size  Location     Type
  f1              3   11[BANK0 ] float 
  f2              3   14[BANK0 ] float 
 Auto vars:     Size  Location     Type
  f3_as_produc    3   21[BANK0 ] unsigned um
  sign            1   25[BANK0 ] unsigned char 
  cntr            1   24[BANK0 ] unsigned char 
  exp             1   20[BANK0 ] unsigned char 
 Return value:  Size  Location     Type
                  3   11[BANK0 ] float 
 Registers used:
		wreg, status,2, status,0, pclath, cstack
 Tracked objects:
		On entry : 
		On exit  : 
		Unchanged: 
 Data sizes:     COMMON   BANK0   BANK1   BANK2
      Params:         0       6       0       0
      Locals:         0       6       0       0
      Temps:          0       3       0       0
      Totals:         0      15       0       0
Total ram usage:       15 bytes
 Hardware stack levels used:    1
 Hardware stack levels required when called:    3
 This function calls:
		___ftpack
 This function is called by:
		_main
 This function uses a non-reentrant model


 *************** function ___fttol *****************
 Defined at:
		line 45 in file "C:\Program Files (x86)\Microchip\xc8\v1.12\sources\fttol.c"
 Parameters:    Size  Location     Type
  f1              3   38[BANK0 ] float 
 Auto vars:     Size  Location     Type
  lval            4   46[BANK0 ] unsigned long 
  exp1            1   50[BANK0 ] unsigned char 
  sign1           1   45[BANK0 ] unsigned char 
 Return value:  Size  Location     Type
                  4   38[BANK0 ] long 
 Registers used:
		wreg, status,2, status,0
 Tracked objects:
		On entry : 
		On exit  : 
		Unchanged: 
 Data sizes:     COMMON   BANK0   BANK1   BANK2
      Params:         0       4       0       0
      Locals:         0       6       0       0
      Temps:          0       3       0       0
      Totals:         0      13       0       0
Total ram usage:       13 bytes
 Hardware stack levels used:    1
 Hardware stack levels required when called:    2
 This function calls:
		Nothing
 This function is called by:
		_main
 This function uses a non-reentrant model


 *************** function ___lwtoft *****************
 Defined at:
		line 29 in file "C:\Program Files (x86)\Microchip\xc8\v1.12\sources\lwtoft.c"
 Parameters:    Size  Location     Type
  c               2    8[BANK0 ] unsigned int 
 Auto vars:     Size  Location     Type
		None
 Return value:  Size  Location     Type
                  3    8[BANK0 ] float 
 Registers used:
		wreg, status,2, status,0, pclath, cstack
 Tracked objects:
		On entry : 
		On exit  : 
		Unchanged: 
 Data sizes:     COMMON   BANK0   BANK1   BANK2
      Params:         0       3       0       0
      Locals:         0       0       0       0
      Temps:          0       0       0       0
      Totals:         0       3       0       0
Total ram usage:        3 bytes
 Hardware stack levels used:    1
 Hardware stack levels required when called:    3
 This function calls:
		___ftpack
 This function is called by:
		_main
 This function uses a non-reentrant model


 *************** function ___ftpack *****************
 Defined at:
		line 63 in file "C:\Program Files (x86)\Microchip\xc8\v1.12\sources\float.c"
 Parameters:    Size  Location     Type
  arg             3    0[BANK0 ] unsigned um
  exp             1    3[BANK0 ] unsigned char 
  sign            1    4[BANK0 ] unsigned char 
 Auto vars:     Size  Location     Type
		None
 Return value:  Size  Location     Type
                  3    0[BANK0 ] float 
 Registers used:
		wreg, status,2, status,0
 Tracked objects:
		On entry : 
		On exit  : 
		Unchanged: 
 Data sizes:     COMMON   BANK0   BANK1   BANK2
      Params:         0       5       0       0
      Locals:         0       0       0       0
      Temps:          0       3       0       0
      Totals:         0       8       0       0
Total ram usage:        8 bytes
 Hardware stack levels used:    1
 Hardware stack levels required when called:    2
 This function calls:
		Nothing
 This function is called by:
		___ftadd
		___ftmul
		___lwtoft
 This function uses a non-reentrant model


 *************** function _isr *****************
 Defined at:
		line 194 in file "main.c"
 Parameters:    Size  Location     Type
		None
 Auto vars:     Size  Location     Type
  timer           1   10[COMMON] unsigned char 
 Return value:  Size  Location     Type
		None               void
 Registers used:
		wreg, fsr0l, fsr0h, status,2, status,0, pclath, cstack
 Tracked objects:
		On entry : 
		On exit  : 
		Unchanged: 
 Data sizes:     COMMON   BANK0   BANK1   BANK2
      Params:         0       0       0       0
      Locals:         1       0       0       0
      Temps:          4       0       0       0
      Totals:         5       0       0       0
Total ram usage:        5 bytes
 Hardware stack levels used:    1
 Hardware stack levels required when called:    1
 This function calls:
		_resetBuffer
		i1___wmul
 This function is called by:
		Interrupt level 1
 This function uses a non-reentrant model


 *************** function _resetBuffer *****************
 Defined at:
		line 185 in file "main.c"
 Parameters:    Size  Location     Type
		None
 Auto vars:     Size  Location     Type
		None
 Return value:  Size  Location     Type
		None               void
 Registers used:
		wreg, status,2
 Tracked objects:
		On entry : 
		On exit  : 
		Unchanged: 
 Data sizes:     COMMON   BANK0   BANK1   BANK2
      Params:         0       0       0       0
      Locals:         0       0       0       0
      Temps:          0       0       0       0
      Totals:         0       0       0       0
Total ram usage:        0 bytes
 Hardware stack levels used:    1
 This function calls:
		Nothing
 This function is called by:
		_isr
 This function uses a non-reentrant model


 *************** function i1___wmul *****************
 Defined at:
		line 3 in file "C:\Program Files (x86)\Microchip\xc8\v1.12\sources\wmul.c"
 Parameters:    Size  Location     Type
  __wmul          2    0[COMMON] unsigned int 
  __wmul          2    2[COMMON] unsigned int 
 Auto vars:     Size  Location     Type
  __wmul          2    4[COMMON] unsigned int 
 Return value:  Size  Location     Type
                  2    0[COMMON] unsigned int 
 Registers used:
		wreg, status,2, status,0
 Tracked objects:
		On entry : 
		On exit  : 
		Unchanged: 
 Data sizes:     COMMON   BANK0   BANK1   BANK2
      Params:         4       0       0       0
      Locals:         2       0       0       0
      Temps:          0       0       0       0
      Totals:         6       0       0       0
Total ram usage:        6 bytes
 Hardware stack levels used:    1
 This function calls:
		Nothing
 This function is called by:
		_isr
 This function uses a non-reentrant model



MODULE INFORMATION

Module		Function		Class		Link	Load	Size
C:\Program Files (x86)\Microchip\xc8\v1.12\sources\doprnt.c
		_sprintf       		CODE           	0324	0000	897

C:\Program Files (x86)\Microchip\xc8\v1.12\sources\doprnt.c estimated size: 897

shared
		__stringtab    		STRING         	0900	0000	6
		__stringdata   		STRING         	097B	0000	60
		_dpowers       		STRING         	0912	0000	10
		i1___wmul      		CODE           	0E5E	0000	25
		__initializatio		CODE           	07E0	0000	15
		_octpowers     		STRING         	0906	0000	12
		_hexpowers     		STRING         	091C	0000	8
		_menuString    		STRING         	0924	0000	51
		_statusString1 		STRING         	096B	0000	16
		_statusString2 		STRING         	0957	0000	20

shared estimated size: 223

C:\Program Files (x86)\Microchip\xc8\v1.12\sources\ftmul.c
		___ftmul       		CODE           	0E87	0000	123

C:\Program Files (x86)\Microchip\xc8\v1.12\sources\ftmul.c estimated size: 123

C:\Program Files (x86)\Microchip\xc8\v1.12\sources\fttol.c
		___fttol       		CODE           	09B7	0000	97

C:\Program Files (x86)\Microchip\xc8\v1.12\sources\fttol.c estimated size: 97

C:\Program Files (x86)\Microchip\xc8\v1.12\sources\lwtoft.c
		___lwtoft      		CODE           	0E77	0000	16

C:\Program Files (x86)\Microchip\xc8\v1.12\sources\lwtoft.c estimated size: 16

main.c
		_sendSerial    		CODE           	073C	0000	16
		_resetBuffer   		CODE           	0E57	0000	7
		_main          		CODE           	074C	0000	148
		_sendSeriotData		CODE           	000F	0000	32
		_isr           		CODE           	0D5B	0000	252

main.c estimated size: 455

system.c
		_ConfigureOscil		CODE           	0A65	0000	4

system.c estimated size: 4

C:\Program Files (x86)\Microchip\xc8\v1.12\sources\wmul.c
		___wmul        		CODE           	0701	0000	25

C:\Program Files (x86)\Microchip\xc8\v1.12\sources\wmul.c estimated size: 25

menu.c
		_turnLeft      		CODE           	00AF	0000	65
		_handleMainMenu		CODE           	003B	0000	55
		_updateStatus  		CODE           	013D	0000	81
		_turnRight     		CODE           	0072	0000	61
		_updateCurrentS		CODE           	00F7	0000	24
		_showMainMenu  		CODE           	010F	0000	17
		_controlBacklig		CODE           	00F0	0000	7
		_showConfigureB		CODE           	0120	0000	29
		_pressButton   		CODE           	002F	0000	12

menu.c estimated size: 351

C:\Program Files (x86)\Microchip\xc8\v1.12\sources\isdigit.c
		_isdigit       		CODE           	06CF	0000	14

C:\Program Files (x86)\Microchip\xc8\v1.12\sources\isdigit.c estimated size: 14

C:\Program Files (x86)\Microchip\xc8\v1.12\sources\lwmod.c
		___lwmod       		CODE           	06DD	0000	36

C:\Program Files (x86)\Microchip\xc8\v1.12\sources\lwmod.c estimated size: 36

C:\Program Files (x86)\Microchip\xc8\v1.12\sources\ftadd.c
		___ftadd       		CODE           	0F02	0000	192

C:\Program Files (x86)\Microchip\xc8\v1.12\sources\ftadd.c estimated size: 192

C:\Program Files (x86)\Microchip\xc8\v1.12\sources\lwdiv.c
		___lwdiv       		CODE           	06A5	0000	42

C:\Program Files (x86)\Microchip\xc8\v1.12\sources\lwdiv.c estimated size: 42

user.c
		_InitApp       		CODE           	0A18	0000	69

user.c estimated size: 69

C:\Program Files (x86)\Microchip\xc8\v1.12\sources\float.c
		___ftpack      		CODE           	0FC2	0000	62

C:\Program Files (x86)\Microchip\xc8\v1.12\sources\float.c estimated size: 62

C:\Program Files (x86)\Microchip\xc8\v1.12\sources\bmul.c
		___bmul        		CODE           	072E	0000	14

C:\Program Files (x86)\Microchip\xc8\v1.12\sources\bmul.c estimated size: 14

lcd.c
		_setDDRamAddr  		CODE           	018E	0000	61
		_putsXLCD      		CODE           	01CB	0000	22
		_putrsXLCDEleme		CODE           	071A	0000	20
		_busyXLCD      		CODE           	02C6	0000	70
		_init_lcd      		CODE           	022B	0000	93
		_writeCmdXLCD  		CODE           	0288	0000	62
		_writeDataXLCD 		CODE           	01E1	0000	60
		_putrsXLCD     		CODE           	030C	0000	24
		_clearLCD      		CODE           	021D	0000	14

lcd.c estimated size: 426

