Microchip MPLAB XC8 Compiler V1.44 ()

Linker command line:

--edf=/opt/microchip/xc8/v1.44/dat/en_msgs.txt -cs \
  -h+dist/XC8_PIC16F690/production/nikobus.X.production.sym \
  --cmf=dist/XC8_PIC16F690/production/nikobus.X.production.cmf -z -Q16F690 \
  -o/tmp/xcXDRBvwY -Mdist/XC8_PIC16F690/production/nikobus.X.production.map \
  -E1 -ver=XC8 --acfsm=1493 -ASTACK=0A0h-0efh -pstack=STACK \
  -ACODE=00h-07FFhx2 -ASTRCODE=00h-0FFFh -ASTRING=00h-0FFhx16 \
  -ACONST=00h-0FFhx16 -AENTRY=00h-0FFhx16 -ACOMMON=070h-07Fh \
  -ABANK0=020h-06Fh -ABANK1=0A0h-0EFh -ABANK2=0120h-016Fh \
  -ARAM=020h-06Fh,0A0h-0EFh,0120h-016Fh \
  -AABS1=020h-07Fh,0A0h-0EFh,0120h-016Fh -ASFR0=00h-01Fh -ASFR1=080h-09Fh \
  -ASFR2=0100h-011Fh -ASFR3=0180h-01EFh \
  -preset_vec=00h,intentry=04h,init,end_init -ppowerup=CODE -pcinit=CODE \
  -pfunctab=ENTRY -ACONFIG=02007h-02007h -pconfig=CONFIG -DCONFIG=2 \
  -AIDLOC=02000h-02003h -pidloc=IDLOC -DIDLOC=2 -AEEDATA=00h-0FFh/02100h \
  -peeprom_data=EEDATA -DEEDATA=2 -DCODE=2 -DSTRCODE=2 -DSTRING=2 -DCONST=2 \
  -DENTRY=2 -k /tmp/xcXRkUea0.obj \
  dist/XC8_PIC16F690/production/nikobus.X.production.obj 

Object code version is 3.11

Machine type is 16F690



                Name                               Link     Load   Length Selector   Space Scale
/tmp/xcXRkUea0.obj
                end_init                             11       11        2        8       0
                reset_vec                             0        0        2        0       0
                config                             2007     2007        1     400E       0
dist/XC8_PIC16F690/production/nikobus.X.production.obj
                cinit                                13       13       12        8       0
                intentry                              4        4        D        8       0
                text10                              22B      22B       58        8       0
                text9                               375      375        F      58E       0
                text8                               35E      35E       17      58E       0
                text7                               2C7      2C7       3C      58E       0
                text6                               33D      33D       21      58E       0
                text5                               384      384        E      58E       0
                text4                                25       25      155        8       0
                text3                               17A      17A       B1        8       0
                text2                               399      399        5      58E       0
                text1                               303      303       3A      58E       0
                maintext                            392      392        7      58E       0
                cstackBANK0                          20       20       31       20       1
                cstackCOMMON                         70       70        C       70       1
                dataBANK0                            59       59        1       20       1
                bssBANK0                             51       51        8       20       1
                dataCOMMON                           7C       7C        1       70       1
                strings                             283      283       44      506       0
                idataBANK0                          39F      39F        1      58E       0
                idataCOMMON                         39E      39E        1      58E       0

TOTAL           Name                               Link     Load   Length     Space
        CLASS   STACK          

        CLASS   CODE           
                end_init                             11       11        2         0
                cinit                                13       13       12         0
                intentry                              4        4        D         0
                reset_vec                             0        0        2         0
                text10                              22B      22B       58         0
                text9                               375      375        F         0
                text8                               35E      35E       17         0
                text7                               2C7      2C7       3C         0
                text6                               33D      33D       21         0
                text5                               384      384        E         0
                text4                                25       25      155         0
                text3                               17A      17A       B1         0
                text2                               399      399        5         0
                text1                               303      303       3A         0
                maintext                            392      392        7         0
                idataBANK0                          39F      39F        1         0
                idataCOMMON                         39E      39E        1         0

        CLASS   STRCODE        

        CLASS   STRING         
                strings                             283      283       44         0

        CLASS   CONST          

        CLASS   ENTRY          

        CLASS   COMMON         
                cstackCOMMON                         70       70        C         1
                dataCOMMON                           7C       7C        1         1

        CLASS   BANK0          
                cstackBANK0                          20       20       31         1
                dataBANK0                            59       59        1         1
                bssBANK0                             51       51        8         1

        CLASS   BANK1          

        CLASS   BANK2          

        CLASS   RAM            

        CLASS   ABS1           
                abs_s1                               7E       7E        2         1

        CLASS   SFR0           

        CLASS   SFR1           

        CLASS   SFR2           

        CLASS   SFR3           

        CLASS   CONFIG         
                config                             2007     2007        1         0

        CLASS   IDLOC          

        CLASS   EEDATA         

        CLASS   BANK3          



SEGMENTS        Name                           Load    Length   Top    Selector   Space  Class     Delta

                reset_vec                      000000  000002  000002         0       0  CODE        2
                intentry                       000004  00027F  000283         8       0  CODE        2
                cstackBANK0                    000020  00003A  00005A        20       1  BANK0       1
                cstackCOMMON                   000070  00000D  00007D        70       1  COMMON      1
                strings                        000283  000044  0002C7       506       0  STRING      2
                text7                          0002C7  0000D9  0003A0       58E       0  CODE        2
                config                         002007  000001  002008      400E       0  CONFIG      2


UNUSED ADDRESS RANGES

        Name                Unused          Largest block    Delta
        BANK0            005A-006F             16           1
        BANK1            00A0-00EF             50           1
        BANK2            0120-016F             50           1
        CODE             0002-0003              2           2
                         03A0-0FFF            460
        COMMON           007D-007D              1           1
        CONST            0002-0003              2           2
                         03A0-0FFF            100
        EEDATA           2100-21FF            100           2
        ENTRY            0002-0003              2           2
                         03A0-0FFF            100
        IDLOC            2000-2003              4           2
        RAM              005A-006F             16           1
                         00A0-00EF             50
                         0120-016F             50
        SFR0             0000-001F             20           1
        SFR1             0080-009F             20           1
        SFR2             0100-011F             20           1
        SFR3             0180-01EF             70           1
        STACK            00A0-00EF             50           1
        STRCODE          0002-0003              2           2
                         03A0-0FFF            C60
        STRING           0002-0003              2           2
                         03A0-0FFF            100

                                  Symbol Table

?___lwdiv                     cstackCOMMON 0070
?___wmul                      cstackCOMMON 0070
?_decodeMessage               cstackCOMMON 0070
?_sprintf                     cstackBANK0  0020
_ADCON0bits                   (abs)        001F
_ANSEL                        (abs)        011E
_ANSELH                       (abs)        011F
_BRG16                        (abs)        04DB
_BRGH                         (abs)        04C2
_CM1CON0                      (abs)        0119
_CM2CON0                      (abs)        011A
_ConfigureOscillator          text2        0399
_INTCONbits                   (abs)        000B
_IOCAbits                     (abs)        0096
_InitApp                      text1        0303
_OPTION_REGbits               (abs)        0081
_OSCCONbits                   (abs)        008F
_PIE1bits                     (abs)        008C
_PORTA                        (abs)        0005
_PORTAbits                    (abs)        0005
_PORTB                        (abs)        0006
_PORTBbits                    (abs)        0006
_PORTC                        (abs)        0007
_SPBRG                        (abs)        0099
_SPBRGH                       (abs)        009A
_SPEN                         (abs)        00C7
_SYNC                         (abs)        04C4
_TMR0                         (abs)        0001
_TRISA                        (abs)        0085
_TRISB                        (abs)        0086
_TRISC                        (abs)        0087
_TRMT                         (abs)        04C1
_TXEN                         (abs)        04C5
_TXREG                        (abs)        0019
__CFG_BOREN$OFF               (abs)        0000
__CFG_CP$OFF                  (abs)        0000
__CFG_CPD$OFF                 (abs)        0000
__CFG_FCMEN$OFF               (abs)        0000
__CFG_FOSC$INTRCIO            (abs)        0000
__CFG_IESO$OFF                (abs)        0000
__CFG_MCLRE$OFF               (abs)        0000
__CFG_PWRTE$OFF               (abs)        0000
__CFG_WDTE$OFF                (abs)        0000
__Habs1                       abs1         0000
__Hbank0                      bank0        0000
__Hbank1                      bank1        0000
__Hbank2                      bank2        0000
__Hbank3                      bank3        0000
__HbssBANK0                   bssBANK0     0000
__Hcinit                      cinit        0025
__Hclrtext                    clrtext      0000
__Hcode                       code         0000
__Hcommon                     common       0000
__Hconfig                     config       2008
__HcstackBANK0                cstackBANK0  0000
__HcstackBANK1                cstackBANK1  0000
__HcstackCOMMON               cstackCOMMON 0000
__HdataBANK0                  dataBANK0    0000
__HdataCOMMON                 dataCOMMON   0000
__Heeprom_data                eeprom_data  0000
__Hend_init                   end_init     0013
__Hfunctab                    functab      0000
__HidataBANK0                 idataBANK0   0000
__HidataCOMMON                idataCOMMON  0000
__Hidloc                      idloc        0000
__Hinit                       init         0011
__Hintentry                   intentry     0011
__Hmaintext                   maintext     0000
__Hpowerup                    powerup      0000
__Hram                        ram          0000
__Hreset_vec                  reset_vec    0002
__Hsfr0                       sfr0         0000
__Hsfr1                       sfr1         0000
__Hsfr2                       sfr2         0000
__Hsfr3                       sfr3         0000
__Hspace_0                    (abs)        2008
__Hspace_1                    (abs)        007D
__Hspace_2                    (abs)        0000
__Hspace_3                    (abs)        0000
__Hstack                      stack        0000
__Hstrings                    strings      0000
__Htext                       text         0000
__Labs1                       abs1         0000
__Lbank0                      bank0        0000
__Lbank1                      bank1        0000
__Lbank2                      bank2        0000
__Lbank3                      bank3        0000
__LbssBANK0                   bssBANK0     0000
__Lcinit                      cinit        0013
__Lclrtext                    clrtext      0000
__Lcode                       code         0000
__Lcommon                     common       0000
__Lconfig                     config       2007
__LcstackBANK0                cstackBANK0  0000
__LcstackBANK1                cstackBANK1  0000
__LcstackCOMMON               cstackCOMMON 0000
__LdataBANK0                  dataBANK0    0000
__LdataCOMMON                 dataCOMMON   0000
__Leeprom_data                eeprom_data  0000
__Lend_init                   end_init     0011
__Lfunctab                    functab      0000
__LidataBANK0                 idataBANK0   0000
__LidataCOMMON                idataCOMMON  0000
__Lidloc                      idloc        0000
__Linit                       init         0011
__Lintentry                   intentry     0004
__Lmaintext                   maintext     0000
__Lpowerup                    powerup      0000
__Lram                        ram          0000
__Lreset_vec                  reset_vec    0000
__Lsfr0                       sfr0         0000
__Lsfr1                       sfr1         0000
__Lsfr2                       sfr2         0000
__Lsfr3                       sfr3         0000
__Lspace_0                    (abs)        0000
__Lspace_1                    (abs)        0000
__Lspace_2                    (abs)        0000
__Lspace_3                    (abs)        0000
__Lstack                      stack        0000
__Lstrings                    strings      0000
__Ltext                       text         0000
__S0                          (abs)        2008
__S1                          (abs)        007D
__S2                          (abs)        0000
__S3                          (abs)        0000
___int_sp                     stack        0000
___latbits                    (abs)        0001
___lwdiv                      text7        02C7
___lwdiv@counter              cstackCOMMON 0077
___lwdiv@dividend             cstackCOMMON 0072
___lwdiv@divisor              cstackCOMMON 0070
___lwdiv@quotient             cstackCOMMON 0075
___sp                         stack        0000
___wmul                       text6        033D
___wmul@multiplicand          cstackCOMMON 0072
___wmul@multiplier            cstackCOMMON 0070
___wmul@product               cstackCOMMON 0074
__end_of_ConfigureOscillator  text2        039E
__end_of_InitApp              text1        033D
__end_of___lwdiv              text7        0303
__end_of___wmul               text6        035E
__end_of__initialization      cinit        0022
__end_of__stringtab           strings      0289
__end_of_decodeMessage        text10       0283
__end_of_hexpowers            strings      0291
__end_of_isdigit              text5        0392
__end_of_isr                  text3        022B
__end_of_main                 maintext     0399
__end_of_resetBuffer          text9        0384
__end_of_sendSerial           text8        0375
__end_of_sprintf              text4        017A
__initialization              cinit        0013
__pbssBANK0                   bssBANK0     0051
__pcstackBANK0                cstackBANK0  0020
__pcstackBANK1                cstackBANK1  0000
__pcstackCOMMON               cstackCOMMON 0070
__pdataBANK0                  dataBANK0    0059
__pdataCOMMON                 dataCOMMON   007C
__pidataBANK0                 idataBANK0   039F
__pidataCOMMON                idataCOMMON  039E
__pintentry                   intentry     0004
__pmaintext                   maintext     0392
__pstrings                    strings      0283
__ptext1                      text1        0303
__ptext10                     text10       022B
__ptext2                      text2        0399
__ptext3                      text3        017A
__ptext4                      text4        0025
__ptext5                      text5        0384
__ptext6                      text6        033D
__ptext7                      text7        02C7
__ptext8                      text8        035E
__ptext9                      text9        0375
__size_of_ConfigureOscillator (abs)        0000
__size_of_InitApp             (abs)        0000
__size_of___lwdiv             (abs)        0000
__size_of___wmul              (abs)        0000
__size_of_decodeMessage       (abs)        0000
__size_of_isdigit             (abs)        0000
__size_of_isr                 (abs)        0000
__size_of_main                (abs)        0000
__size_of_resetBuffer         (abs)        0000
__size_of_sendSerial          (abs)        0000
__size_of_sprintf             (abs)        0000
__stringbase                  strings      0288
__stringtab                   strings      0283
_bitsReceived                 bssBANK0     0055
_busBuffer                    bssBANK0     0051
_busMessage                   bssBANK0     0056
_dataBlock                    bssBANK0     0054
_decodeMessage                text10       022B
_hexpowers                    strings      0289
_isdigit                      text5        0384
_isdigit$570                  cstackCOMMON 0070
_isr                          text3        017A
_main                         maintext     0392
_resetBuffer                  text9        0375
_sendSerial                   text8        035E
_sprintf                      text4        0025
_state                        dataBANK0    0059
btemp                         (abs)        007E
decodeMessage@address         cstackCOMMON 0077
decodeMessage@busMessage      cstackCOMMON 007B
end_of_initialization         cinit        0022
interrupt_function            intentry     0004
intlevel0                     functab      0000
intlevel1                     functab      0000
intlevel2                     functab      0000
intlevel3                     functab      0000
intlevel4                     functab      0000
intlevel5                     functab      0000
isdigit@c                     cstackCOMMON 0071
isr@address                   cstackBANK0  004D
isr@text                      cstackBANK0  0040
isr@timer                     cstackBANK0  004C
reset_vec                     reset_vec    0000
saved_w                       (abs)        007E
sendSerial@text               cstackCOMMON 0071
sprintf@ap                    cstackBANK0  002A
sprintf@c                     cstackBANK0  0032
sprintf@f                     cstackBANK0  0020
sprintf@flag                  cstackBANK0  002B
sprintf@idx                   cstackBANK0  0029
sprintf@prec                  cstackBANK0  002E
sprintf@sp                    cstackBANK0  002F
sprintf@val                   cstackBANK0  002C
sprintf@width                 cstackBANK0  0030
stackhi                       (abs)        0000
stacklo                       (abs)        0000
start                         init         0011
start_initialization          cinit        0013
wtemp0                        (abs)        007E


FUNCTION INFORMATION:

 *************** function _main *****************
 Defined at:
		line 119 in file "main.c"
 Parameters:    Size  Location     Type
		None
 Auto vars:     Size  Location     Type
		None
 Return value:  Size  Location     Type
                  1    wreg      void 
 Registers used:
		wreg, status,2, status,0, pclath, cstack
 Tracked objects:
		On entry : 
		On exit  : 
		Unchanged: 
 Data sizes:     COMMON   BANK0   BANK1   BANK2
      Params:         0       0       0       0
      Locals:         0       0       0       0
      Temps:          0       0       0       0
      Totals:         0       0       0       0
Total ram usage:        0 bytes
 Hardware stack levels required when called:    4
 This function calls:
		_ConfigureOscillator
		_InitApp
 This function is called by:
		Startup code after reset
 This function uses a non-reentrant model


 *************** function _InitApp *****************
 Defined at:
		line 21 in file "user.c"
 Parameters:    Size  Location     Type
		None
 Auto vars:     Size  Location     Type
		None
 Return value:  Size  Location     Type
                  1    wreg      void 
 Registers used:
		wreg, status,2, status,0
 Tracked objects:
		On entry : 
		On exit  : 
		Unchanged: 
 Data sizes:     COMMON   BANK0   BANK1   BANK2
      Params:         0       0       0       0
      Locals:         0       0       0       0
      Temps:          0       0       0       0
      Totals:         0       0       0       0
Total ram usage:        0 bytes
 Hardware stack levels used:    1
 Hardware stack levels required when called:    3
 This function calls:
		Nothing
 This function is called by:
		_main
 This function uses a non-reentrant model


 *************** function _ConfigureOscillator *****************
 Defined at:
		line 15 in file "system.c"
 Parameters:    Size  Location     Type
		None
 Auto vars:     Size  Location     Type
		None
 Return value:  Size  Location     Type
                  1    wreg      void 
 Registers used:
		wreg, status,2, status,0
 Tracked objects:
		On entry : 
		On exit  : 
		Unchanged: 
 Data sizes:     COMMON   BANK0   BANK1   BANK2
      Params:         0       0       0       0
      Locals:         0       0       0       0
      Temps:          0       0       0       0
      Totals:         0       0       0       0
Total ram usage:        0 bytes
 Hardware stack levels used:    1
 Hardware stack levels required when called:    3
 This function calls:
		Nothing
 This function is called by:
		_main
 This function uses a non-reentrant model


 *************** function _isr *****************
 Defined at:
		line 154 in file "main.c"
 Parameters:    Size  Location     Type
		None
 Auto vars:     Size  Location     Type
  text           12   32[BANK0 ] unsigned char [12]
  address         4   45[BANK0 ] struct Address
  timer           1   44[BANK0 ] unsigned char 
 Return value:  Size  Location     Type
                  1    wreg      void 
 Registers used:
		wreg, fsr0l, fsr0h, status,2, status,0, btemp+1, pclath, cstack
 Tracked objects:
		On entry : 
		On exit  : 
		Unchanged: 
 Data sizes:     COMMON   BANK0   BANK1   BANK2
      Params:         0       0       0       0
      Locals:         0      17       0       0
      Temps:          0      13       0       0
      Totals:         0      30       0       0
Total ram usage:       30 bytes
 Hardware stack levels used:    1
 Hardware stack levels required when called:    2
 This function calls:
		_decodeMessage
		_resetBuffer
		_sendSerial
		_sprintf
 This function is called by:
		Interrupt level 1
 This function uses a non-reentrant model


 *************** function _sprintf *****************
 Defined at:
		line 492 in file "/opt/microchip/xc8/v1.44/sources/common/doprnt.c"
 Parameters:    Size  Location     Type
  sp              1    wreg     PTR unsigned char 
		 -> isr@text(12), sendSeriotData@text(18), 
  f               1    0[BANK0 ] PTR const unsigned char 
		 -> STR_2(20), STR_1(17), 
 Auto vars:     Size  Location     Type
  sp              1   15[BANK0 ] PTR unsigned char 
		 -> isr@text(12), sendSeriotData@text(18), 
  idx             1    9[BANK0 ] unsigned char 
  tmpval          4    0        struct .
  width           2   16[BANK0 ] int 
  val             2   12[BANK0 ] unsigned int 
  cp              2    0        PTR const unsigned char 
  len             2    0        unsigned int 
  c               1   18[BANK0 ] char 
  prec            1   14[BANK0 ] char 
  flag            1   11[BANK0 ] unsigned char 
  ap              1   10[BANK0 ] PTR void [1]
		 -> ?_sprintf(2), 
 Return value:  Size  Location     Type
                  2    0[BANK0 ] int 
 Registers used:
		wreg, fsr0l, fsr0h, status,2, status,0, btemp+1, pclath, cstack
 Tracked objects:
		On entry : 
		On exit  : 
		Unchanged: 
 Data sizes:     COMMON   BANK0   BANK1   BANK2
      Params:         0       9       0       0
      Locals:         0      10       0       0
      Temps:          3       0       0       0
      Totals:         3      19       0       0
Total ram usage:       22 bytes
 Hardware stack levels used:    1
 Hardware stack levels required when called:    1
 This function calls:
		___lwdiv
		___wmul
		_isdigit
 This function is called by:
		_isr
		_sendSeriotData
 This function uses a non-reentrant model


 *************** function _isdigit *****************
 Defined at:
		line 8 in file "/opt/microchip/xc8/v1.44/sources/common/isdigit.c"
 Parameters:    Size  Location     Type
  c               1    wreg     unsigned char 
 Auto vars:     Size  Location     Type
  c               1    1[COMMON] unsigned char 
 Return value:  Size  Location     Type
		None               void
 Registers used:
		wreg, status,2, status,0
 Tracked objects:
		On entry : 
		On exit  : 
		Unchanged: 
 Data sizes:     COMMON   BANK0   BANK1   BANK2
      Params:         0       0       0       0
      Locals:         2       0       0       0
      Temps:          0       0       0       0
      Totals:         2       0       0       0
Total ram usage:        2 bytes
 Hardware stack levels used:    1
 This function calls:
		Nothing
 This function is called by:
		_sprintf
 This function uses a non-reentrant model


 *************** function ___wmul *****************
 Defined at:
		line 15 in file "/opt/microchip/xc8/v1.44/sources/common/Umul16.c"
 Parameters:    Size  Location     Type
  multiplier      2    0[COMMON] unsigned int 
  multiplicand    2    2[COMMON] unsigned int 
 Auto vars:     Size  Location     Type
  product         2    4[COMMON] unsigned int 
 Return value:  Size  Location     Type
                  2    0[COMMON] unsigned int 
 Registers used:
		wreg, status,2, status,0
 Tracked objects:
		On entry : 
		On exit  : 
		Unchanged: 
 Data sizes:     COMMON   BANK0   BANK1   BANK2
      Params:         4       0       0       0
      Locals:         2       0       0       0
      Temps:          0       0       0       0
      Totals:         6       0       0       0
Total ram usage:        6 bytes
 Hardware stack levels used:    1
 This function calls:
		Nothing
 This function is called by:
		_sprintf
 This function uses a non-reentrant model


 *************** function ___lwdiv *****************
 Defined at:
		line 6 in file "/opt/microchip/xc8/v1.44/sources/common/lwdiv.c"
 Parameters:    Size  Location     Type
  divisor         2    0[COMMON] unsigned int 
  dividend        2    2[COMMON] unsigned int 
 Auto vars:     Size  Location     Type
  quotient        2    5[COMMON] unsigned int 
  counter         1    7[COMMON] unsigned char 
 Return value:  Size  Location     Type
                  2    0[COMMON] unsigned int 
 Registers used:
		wreg, status,2, status,0
 Tracked objects:
		On entry : 
		On exit  : 
		Unchanged: 
 Data sizes:     COMMON   BANK0   BANK1   BANK2
      Params:         4       0       0       0
      Locals:         3       0       0       0
      Temps:          1       0       0       0
      Totals:         8       0       0       0
Total ram usage:        8 bytes
 Hardware stack levels used:    1
 This function calls:
		Nothing
 This function is called by:
		_sprintf
 This function uses a non-reentrant model


 *************** function _sendSerial *****************
 Defined at:
		line 99 in file "main.c"
 Parameters:    Size  Location     Type
  text            1    wreg     PTR const unsigned char 
		 -> isr@text(12), sendSeriotData@text(18), 
 Auto vars:     Size  Location     Type
  text            1    1[COMMON] PTR const unsigned char 
		 -> isr@text(12), sendSeriotData@text(18), 
 Return value:  Size  Location     Type
                  1    wreg      void 
 Registers used:
		wreg, fsr0l, fsr0h, status,2, status,0
 Tracked objects:
		On entry : 
		On exit  : 
		Unchanged: 
 Data sizes:     COMMON   BANK0   BANK1   BANK2
      Params:         0       0       0       0
      Locals:         1       0       0       0
      Temps:          1       0       0       0
      Totals:         2       0       0       0
Total ram usage:        2 bytes
 Hardware stack levels used:    1
 This function calls:
		Nothing
 This function is called by:
		_isr
		_sendSeriotData
 This function uses a non-reentrant model


 *************** function _resetBuffer *****************
 Defined at:
		line 143 in file "main.c"
 Parameters:    Size  Location     Type
		None
 Auto vars:     Size  Location     Type
		None
 Return value:  Size  Location     Type
                  1    wreg      void 
 Registers used:
		wreg, status,2
 Tracked objects:
		On entry : 
		On exit  : 
		Unchanged: 
 Data sizes:     COMMON   BANK0   BANK1   BANK2
      Params:         0       0       0       0
      Locals:         0       0       0       0
      Temps:          1       0       0       0
      Totals:         1       0       0       0
Total ram usage:        1 bytes
 Hardware stack levels used:    1
 This function calls:
		Nothing
 This function is called by:
		_isr
 This function uses a non-reentrant model


 *************** function _decodeMessage *****************
 Defined at:
		line 3 in file "busmessage.c"
 Parameters:    Size  Location     Type
  busMessage      1    wreg     PTR struct BusMessage
		 -> busMessage(3), 
 Auto vars:     Size  Location     Type
  busMessage      1   11[COMMON] PTR struct BusMessage
		 -> busMessage(3), 
  address         4    7[COMMON] struct Address
 Return value:  Size  Location     Type
                  4    0[COMMON] struct Address
 Registers used:
		wreg, fsr0l, fsr0h, status,2, status,0
 Tracked objects:
		On entry : 
		On exit  : 
		Unchanged: 
 Data sizes:     COMMON   BANK0   BANK1   BANK2
      Params:         4       0       0       0
      Locals:         5       0       0       0
      Temps:          3       0       0       0
      Totals:        12       0       0       0
Total ram usage:       12 bytes
 Hardware stack levels used:    1
 This function calls:
		Nothing
 This function is called by:
		_isr
 This function uses a non-reentrant model



MODULE INFORMATION

Module		Function		Class		Link	Load	Size
busmessage.c
		_decodeMessage 		CODE           	022B	0000	89

busmessage.c estimated size: 89

/opt/microchip/xc8/v1.44/sources/common/Umul16.c
		___wmul        		CODE           	033D	0000	34

/opt/microchip/xc8/v1.44/sources/common/Umul16.c estimated size: 34

/opt/microchip/xc8/v1.44/sources/common/isdigit.c
		_isdigit       		CODE           	0384	0000	15

/opt/microchip/xc8/v1.44/sources/common/isdigit.c estimated size: 15

/opt/microchip/xc8/v1.44/sources/common/lwdiv.c
		___lwdiv       		CODE           	02C7	0000	61

/opt/microchip/xc8/v1.44/sources/common/lwdiv.c estimated size: 61

shared
		__stringtab    		STRING         	0283	0000	7
		__initialization		CODE           	0013	0000	16
		_hexpowers     		STRING         	0289	0000	9

shared estimated size: 32

user.c
		_InitApp       		CODE           	0303	0000	59

user.c estimated size: 59

/opt/microchip/xc8/v1.44/sources/common/doprnt.c
		_sprintf       		CODE           	0025	0000	342

/opt/microchip/xc8/v1.44/sources/common/doprnt.c estimated size: 342

main.c
		_sendSerial    		CODE           	035E	0000	24
		_resetBuffer   		CODE           	0375	0000	16
		_main          		CODE           	0392	0000	8
		_isr           		CODE           	017A	0000	178

main.c estimated size: 226

system.c
		_ConfigureOscillator		CODE           	0399	0000	6

system.c estimated size: 6

